data/sales.csv
date,product_id,units_sold,price_sold
2025-07-08,1,5,3061.11
2025-07-07,1,13,3191.39
2025-07-06,1,8,3014.31
2025-07-05,1,7,3110.1
2025-07-04,1,5,2950.7
2025-07-03,1,8,3186.75
2025-07-02,1,8,3206.69
2025-07-01,1,6,2999.34
2025-06-30,1,9,3206.02
2025-06-29,1,5,3112.0
2025-06-28,1,6,3252.77
2025-06-27,1,5,3207.24
2025-06-26,1,7,3109.19
2025-06-25,1,6,2985.83
2025-06-24,1,7,2970.9
2025-06-23,1,11,3179.59
2025-06-22,1,11,3096.05
2025-06-21,1,10,3073.08
2025-06-20,1,7,3047.91
2025-06-19,1,10,3153.4
2025-06-18,1,7,3234.15
2025-06-17,1,8,2966.14
2025-06-16,1,5,3001.36
2025-06-15,1,11,3125.83
2025-06-14,1,5,3193.04
2025-06-13,1,8,2989.71
2025-06-12,1,7,3013.35
2025-06-11,1,7,3142.59
2025-06-10,1,7,2947.28
2025-06-09,1,7,3090.92
2025-07-08,2,3,4290.16
2025-07-07,2,2,4439.68
2025-07-06,2,3,4662.02
2025-07-05,2,2,4280.57
2025-07-04,2,3,4467.07
2025-07-03,2,1,4461.33
2025-07-02,2,4,4606.62
2025-07-01,2,3,4458.92
2025-06-30,2,3,4512.38
2025-06-29,2,1,4512.66
2025-06-28,2,1,4396.16
2025-06-27,2,2,4437.5
2025-06-26,2,0,4522.81
2025-06-25,2,0,4608.02
2025-06-24,2,3,4378.25
2025-06-23,2,1,4393.79
2025-06-22,2,0,4664.95
2025-06-21,2,5,4252.0
2025-06-20,2,2,4257.1
2025-06-19,2,1,4643.17
2025-06-18,2,4,4471.7
2025-06-17,2,0,4350.3
2025-06-16,2,1,4534.79
2025-06-15,2,4,4407.16
2025-06-14,2,0,4445.63
2025-06-13,2,4,4625.96
2025-06-12,2,0,4632.53
2025-06-11,2,5,4381.54
2025-06-10,2,2,4473.76
2025-06-09,2,5,4354.88
2025-07-08,3,10,2626.56
2025-07-07,3,7,2664.25
2025-07-06,3,10,2630.88
2025-07-05,3,8,2628.02
2025-07-04,3,8,2789.61
2025-07-03,3,11,2875.23
2025-07-02,3,9,2667.17
2025-07-01,3,13,2637.17
2025-06-30,3,10,2659.36
2025-06-29,3,11,2836.51
2025-06-28,3,11,2726.52
2025-06-27,3,6,2631.94
2025-06-26,3,11,2631.55
2025-06-25,3,7,2795.46
2025-06-24,3,10,2639.55
2025-06-23,3,11,2673.49
2025-06-22,3,11,2822.04
2025-06-21,3,8,2719.22
2025-06-20,3,9,2681.66
2025-06-19,3,8,2616.66
2025-06-18,3,10,2792.8
2025-06-17,3,11,2725.3
2025-06-16,3,7,2757.71
2025-06-15,3,9,2803.26
2025-06-14,3,9,2824.32
2025-06-13,3,7,2650.89
2025-06-12,3,10,2805.82
2025-06-11,3,10,2640.39
2025-06-10,3,9,2863.63
2025-06-09,3,10,2716.13
2025-07-08,4,4,4285.35
2025-07-07,4,6,3998.31
2025-07-06,4,3,4207.7
2025-07-05,4,4,4274.19
2025-07-04,4,5,3992.72
2025-07-03,4,0,4379.37
2025-07-02,4,2,4012.07
2025-07-01,4,2,4134.01
2025-06-30,4,2,4381.62
2025-06-29,4,1,4392.99
2025-06-28,4,2,4287.85
2025-06-27,4,0,4015.81
2025-06-26,4,2,4181.07
2025-06-25,4,4,4250.42
2025-06-24,4,0,4243.23
2025-06-23,4,2,4378.15
2025-06-22,4,3,4059.76
2025-06-21,4,2,4335.4
2025-06-20,4,2,4167.1
2025-06-19,4,5,4043.59
2025-06-18,4,2,4406.62
2025-06-17,4,1,4368.14
2025-06-16,4,4,4076.99
2025-06-15,4,0,3991.19
2025-06-14,4,3,4139.09
2025-06-13,4,5,4053.91
2025-06-12,4,0,4023.45
2025-06-11,4,4,4058.68
2025-06-10,4,4,4180.45
2025-06-09,4,4,4102.42
2025-07-08,5,7,2835.23
2025-07-07,5,8,3021.32
2025-07-06,5,7,3016.53
2025-07-05,5,6,3055.5
2025-07-04,5,12,2869.86
2025-07-03,5,9,2859.63
2025-07-02,5,8,2987.28
2025-07-01,5,7,3027.11
2025-06-30,5,8,2841.96
2025-06-29,5,5,2889.78
2025-06-28,5,10,3010.13
2025-06-27,5,8,2932.98
2025-06-26,5,7,2991.87
2025-06-25,5,8,2999.37
2025-06-24,5,8,2902.17
2025-06-23,5,5,2930.92
2025-06-22,5,7,2838.17
2025-06-21,5,6,2841.58
2025-06-20,5,7,2992.34
2025-06-19,5,5,2960.09
2025-06-18,5,9,3043.56
2025-06-17,5,7,2975.9
2025-06-16,5,10,2841.46
2025-06-15,5,7,3035.09
2025-06-14,5,7,3033.76
2025-06-13,5,11,3032.63
2025-06-12,5,5,3122.31
2025-06-11,5,13,2981.65
2025-06-10,5,6,3110.53
2025-06-09,5,9,2864.09
2025-07-08,6,2,4250.05
2025-07-07,6,3,4593.81
2025-07-06,6,5,4444.99
2025-07-05,6,7,4350.31
2025-07-04,6,5,4461.43
2025-07-03,6,4,4199.32
2025-07-02,6,0,4579.43
2025-07-01,6,0,4236.45
2025-06-30,6,1,4488.18
2025-06-29,6,2,4517.53
2025-06-28,6,0,4588.73
2025-06-27,6,1,4585.49
2025-06-26,6,2,4242.3
2025-06-25,6,1,4295.79
2025-06-24,6,1,4272.34
2025-06-23,6,1,4606.53
2025-06-22,6,0,4393.64
2025-06-21,6,1,4555.49
2025-06-20,6,0,4460.9
2025-06-19,6,6,4193.5
2025-06-18,6,2,4191.15
2025-06-17,6,1,4588.0
2025-06-16,6,0,4546.1
2025-06-15,6,2,4331.17
2025-06-14,6,1,4477.47
2025-06-13,6,3,4305.37
2025-06-12,6,4,4426.66
2025-06-11,6,1,4584.83
2025-06-10,6,2,4373.96
2025-06-09,6,2,4424.81
2025-07-08,7,0,4305.04
2025-07-07,7,0,4594.58
2025-07-06,7,2,4428.02
2025-07-05,7,3,4324.64
2025-07-04,7,2,4248.46
2025-07-03,7,2,4303.6
2025-07-02,7,1,4310.27
2025-07-01,7,1,4607.25
2025-06-30,7,1,4530.54
2025-06-29,7,4,4425.07
2025-06-28,7,2,4532.04
2025-06-27,7,3,4203.2
2025-06-26,7,3,4367.09
2025-06-25,7,5,4306.16
2025-06-24,7,3,4267.86
2025-06-23,7,3,4602.26
2025-06-22,7,2,4441.55
2025-06-21,7,2,4416.05
2025-06-20,7,4,4595.31
2025-06-19,7,1,4434.67
2025-06-18,7,2,4272.92
2025-06-17,7,1,4197.9
2025-06-16,7,3,4464.3
2025-06-15,7,1,4601.34
2025-06-14,7,0,4175.77
2025-06-13,7,3,4368.15
2025-06-12,7,0,4219.52
2025-06-11,7,1,4426.03
2025-06-10,7,0,4276.94
2025-06-09,7,0,4405.7
2025-07-08,8,2,4871.14
2025-07-07,8,1,4917.84
2025-07-06,8,1,5034.77
2025-07-05,8,0,4816.41
2025-07-04,8,1,4916.86
2025-07-03,8,0,5015.88
2025-07-02,8,0,4800.05
2025-07-01,8,0,5145.16
2025-06-30,8,0,5144.5
2025-06-29,8,1,4923.25
2025-06-28,8,0,5067.83
2025-06-27,8,1,4875.28
2025-06-26,8,1,4846.63
2025-06-25,8,0,4892.44
2025-06-24,8,0,5003.3
2025-06-23,8,0,5082.01
2025-06-22,8,1,4975.63
2025-06-21,8,0,5090.16
2025-06-20,8,3,4975.14
2025-06-19,8,2,4833.88
2025-06-18,8,1,4836.02
2025-06-17,8,0,4885.65
2025-06-16,8,0,5084.07
2025-06-15,8,0,5178.94
2025-06-14,8,0,5071.21
2025-06-13,8,0,4871.64
2025-06-12,8,1,5083.24
2025-06-11,8,1,4757.55
2025-06-10,8,0,5015.87
2025-06-09,8,1,5127.79
2025-07-08,9,6,3238.83
2025-07-07,9,5,3315.47
2025-07-06,9,7,3131.7
2025-07-05,9,9,3064.15
2025-07-04,9,6,3209.06
2025-07-03,9,6,3153.64
2025-07-02,9,7,3358.87
2025-07-01,9,5,3209.71
2025-06-30,9,11,3277.57
2025-06-29,9,4,3335.95
2025-06-28,9,6,3079.52
2025-06-27,9,10,3067.47
2025-06-26,9,6,3350.54
2025-06-25,9,5,3277.53
2025-06-24,9,10,3176.02
2025-06-23,9,7,3232.84
2025-06-22,9,8,3058.94
2025-06-21,9,7,3349.74
2025-06-20,9,8,3065.08
2025-06-19,9,8,3184.61
2025-06-18,9,7,3087.09
2025-06-17,9,7,3095.47
2025-06-16,9,3,3340.78
2025-06-15,9,9,3272.59
2025-06-14,9,9,3288.28
2025-06-13,9,9,3137.28
2025-06-12,9,9,3291.67
2025-06-11,9,6,3102.86
2025-06-10,9,7,3157.12
2025-06-09,9,8,3210.46
2025-07-08,10,3,3881.43
2025-07-07,10,3,3956.35
2025-07-06,10,1,3876.31
2025-07-05,10,6,4068.48
2025-07-04,10,4,3974.58
2025-07-03,10,4,4080.16
2025-07-02,10,4,4078.74
2025-07-01,10,4,4034.42
2025-06-30,10,6,3937.29
2025-06-29,10,4,4011.07
2025-06-28,10,0,3882.49
2025-06-27,10,4,4015.47
2025-06-26,10,5,3839.4
2025-06-25,10,3,4045.63
2025-06-24,10,0,4011.28
2025-06-23,10,2,4002.76
2025-06-22,10,3,3909.68
2025-06-21,10,3,4104.86
2025-06-20,10,3,3871.43
2025-06-19,10,7,3876.21
2025-06-18,10,6,4002.8
2025-06-17,10,4,3987.07
2025-06-16,10,5,3758.08
2025-06-15,10,4,4077.34
2025-06-14,10,3,3852.93
2025-06-13,10,0,3836.56
2025-06-12,10,6,4088.4
2025-06-11,10,4,4066.21
2025-06-10,10,1,4063.9
2025-06-09,10,4,3858.61
2025-07-08,11,11,1863.78
2025-07-07,11,14,1953.65
2025-07-06,11,9,1887.66
2025-07-05,11,12,1804.57
2025-07-04,11,10,1824.33
2025-07-03,11,13,1960.64
2025-07-02,11,8,1863.53
2025-07-01,11,14,1802.31
2025-06-30,11,16,1834.1
2025-06-29,11,14,1926.9
2025-06-28,11,16,1801.06
2025-06-27,11,13,1787.8
2025-06-26,11,11,1860.21
2025-06-25,11,16,1831.89
2025-06-24,11,12,1909.84
2025-06-23,11,14,1905.23
2025-06-22,11,9,1935.49
2025-06-21,11,15,1949.95
2025-06-20,11,10,1950.11
2025-06-19,11,15,1928.12
2025-06-18,11,14,1823.15
2025-06-17,11,14,1801.58
2025-06-16,11,12,1914.32
2025-06-15,11,8,1863.93
2025-06-14,11,15,1861.95
2025-06-13,11,13,1949.74
2025-06-12,11,11,1793.12
2025-06-11,11,11,1807.38
2025-06-10,11,14,1902.7
2025-06-09,11,11,1941.18
2025-07-08,12,12,2386.39
2025-07-07,12,14,2287.01
2025-07-06,12,11,2457.78
2025-07-05,12,12,2302.85
2025-07-04,12,9,2348.61
2025-07-03,12,10,2269.71
2025-07-02,12,16,2422.76
2025-07-01,12,11,2432.74
2025-06-30,12,11,2471.96
2025-06-29,12,9,2479.78
2025-06-28,12,10,2280.77
2025-06-27,12,9,2334.22
2025-06-26,12,11,2412.15
2025-06-25,12,9,2343.07
2025-06-24,12,8,2362.02
2025-06-23,12,10,2303.73
2025-06-22,12,10,2275.67
2025-06-21,12,13,2359.94
2025-06-20,12,10,2434.17
2025-06-19,12,11,2414.33
2025-06-18,12,12,2338.34
2025-06-17,12,9,2393.64
2025-06-16,12,9,2390.74
2025-06-15,12,9,2494.22
2025-06-14,12,12,2499.14
2025-06-13,12,10,2288.51
2025-06-12,12,8,2499.29
2025-06-11,12,9,2352.57
2025-06-10,12,10,2481.23
2025-06-09,12,13,2272.51
2025-07-08,13,13,1940.77
2025-07-07,13,14,1945.12
2025-07-06,13,14,1958.52
2025-07-05,13,14,1858.44
2025-07-04,13,13,1965.12
2025-07-03,13,13,1831.1
2025-07-02,13,11,1853.7
2025-07-01,13,11,1833.8
2025-06-30,13,11,1949.21
2025-06-29,13,11,1880.1
2025-06-28,13,14,1842.27
2025-06-27,13,14,1871.54
2025-06-26,13,13,2015.53
2025-06-25,13,14,1837.73
2025-06-24,13,13,1994.25
2025-06-23,13,15,1923.07
2025-06-22,13,13,1966.19
2025-06-21,13,16,1971.54
2025-06-20,13,16,1883.26
2025-06-19,13,9,1977.69
2025-06-18,13,14,1905.82
2025-06-17,13,12,1841.82
2025-06-16,13,10,1935.39
2025-06-15,13,11,1960.92
2025-06-14,13,15,1870.15
2025-06-13,13,12,1953.11
2025-06-12,13,14,1901.73
2025-06-11,13,7,1875.82
2025-06-10,13,13,1867.11
2025-06-09,13,11,1846.44
2025-07-08,14,10,2347.04
2025-07-07,14,10,2485.43
2025-07-06,14,13,2407.16
2025-07-05,14,12,2432.6
2025-07-04,14,7,2421.19
2025-07-03,14,6,2492.63
2025-07-02,14,11,2469.09
2025-07-01,14,9,2393.06
2025-06-30,14,11,2417.67
2025-06-29,14,9,2522.62
2025-06-28,14,10,2467.91
2025-06-27,14,9,2531.17
2025-06-26,14,9,2526.0
2025-06-25,14,10,2461.4
2025-06-24,14,15,2333.66
2025-06-23,14,12,2463.07
2025-06-22,14,9,2373.86
2025-06-21,14,11,2409.64
2025-06-20,14,10,2524.14
2025-06-19,14,13,2538.14
2025-06-18,14,11,2379.28
2025-06-17,14,10,2512.9
2025-06-16,14,11,2397.81
2025-06-15,14,10,2439.07
2025-06-14,14,13,2527.74
2025-06-13,14,11,2535.18
2025-06-12,14,13,2357.12
2025-06-11,14,9,2545.09
2025-06-10,14,12,2434.29
2025-06-09,14,12,2395.76
2025-07-08,15,4,3644.28
2025-07-07,15,2,3885.06
2025-07-06,15,4,3974.87
2025-07-05,15,4,3756.21
2025-07-04,15,4,3872.36
2025-07-03,15,1,3879.84
2025-07-02,15,4,3989.04
2025-07-01,15,5,3652.89
2025-06-30,15,7,3623.06
2025-06-29,15,4,3868.79
2025-06-28,15,6,3878.07
2025-06-27,15,4,3773.84
2025-06-26,15,4,3979.05
2025-06-25,15,2,3875.33
2025-06-24,15,4,3850.25
2025-06-23,15,6,3724.38
2025-06-22,15,7,3685.6
2025-06-21,15,3,3898.2
2025-06-20,15,6,3921.32
2025-06-19,15,2,3825.66
2025-06-18,15,5,3917.4
2025-06-17,15,8,3624.54
2025-06-16,15,4,3854.65
2025-06-15,15,4,3778.44
2025-06-14,15,6,3679.07
2025-06-13,15,2,3877.37
2025-06-12,15,4,3710.56
2025-06-11,15,4,3640.81
2025-06-10,15,5,3630.11
2025-06-09,15,3,3810.65
2025-07-08,16,9,3232.5
2025-07-07,16,9,3298.48
2025-07-06,16,5,3472.59
2025-07-05,16,8,3474.63
2025-07-04,16,7,3271.99
2025-07-03,16,5,3535.43
2025-07-02,16,5,3349.06
2025-07-01,16,8,3302.5
2025-06-30,16,4,3533.64
2025-06-29,16,4,3406.83
2025-06-28,16,4,3203.01
2025-06-27,16,8,3360.06
2025-06-26,16,7,3528.76
2025-06-25,16,7,3340.49
2025-06-24,16,5,3247.71
2025-06-23,16,4,3401.44
2025-06-22,16,5,3331.66
2025-06-21,16,6,3480.13
2025-06-20,16,8,3518.19
2025-06-19,16,7,3410.32
2025-06-18,16,8,3524.83
2025-06-17,16,6,3514.44
2025-06-16,16,6,3398.89
2025-06-15,16,6,3477.95
2025-06-14,16,10,3292.11
2025-06-13,16,5,3301.9
2025-06-12,16,3,3278.52
2025-06-11,16,6,3481.31
2025-06-10,16,3,3411.28
2025-06-09,16,7,3336.46
2025-07-08,17,16,673.18
2025-07-07,17,18,681.45
2025-07-06,17,18,693.21
2025-07-05,17,16,656.98
2025-07-04,17,19,630.01
2025-07-03,17,15,656.12
2025-07-02,17,19,685.33
2025-07-01,17,22,654.19
2025-06-30,17,20,634.51
2025-06-29,17,18,633.47
2025-06-28,17,18,670.0
2025-06-27,17,18,642.89
2025-06-26,17,18,678.01
2025-06-25,17,17,677.59
2025-06-24,17,17,673.7
2025-06-23,17,17,639.81
2025-06-22,17,18,677.58
2025-06-21,17,17,663.66
2025-06-20,17,19,647.5
2025-06-19,17,21,665.73
2025-06-18,17,19,653.96
2025-06-17,17,16,688.05
2025-06-16,17,20,640.64
2025-06-15,17,14,664.81
2025-06-14,17,19,659.31
2025-06-13,17,21,634.1
2025-06-12,17,15,629.25
2025-06-11,17,23,661.79
2025-06-10,17,16,664.78
2025-06-09,17,20,660.01
2025-07-08,18,7,3163.47
2025-07-07,18,7,3295.79
2025-07-06,18,5,3127.3
2025-07-05,18,3,3102.14
2025-07-04,18,5,3023.03
2025-07-03,18,6,3258.31
2025-07-02,18,5,3272.01
2025-07-01,18,5,3169.96
2025-06-30,18,7,3071.33
2025-06-29,18,8,3166.65
2025-06-28,18,8,3283.28
2025-06-27,18,7,3197.76
2025-06-26,18,4,3234.1
2025-06-25,18,6,3094.2
2025-06-24,18,4,3290.23
2025-06-23,18,11,3218.1
2025-06-22,18,7,3081.74
2025-06-21,18,10,3126.72
2025-06-20,18,5,3207.32
2025-06-19,18,8,3172.41
2025-06-18,18,5,3237.58
2025-06-17,18,6,3098.21
2025-06-16,18,10,3197.43
2025-06-15,18,7,3155.32
2025-06-14,18,3,3288.12
2025-06-13,18,7,3051.5
2025-06-12,18,5,3008.99
2025-06-11,18,10,3060.81
2025-06-10,18,9,3185.56
2025-06-09,18,8,3061.09
2025-07-08,19,4,3803.27
2025-07-07,19,7,3993.52
2025-07-06,19,3,4176.45
2025-07-05,19,0,4087.77
2025-07-04,19,0,3987.55
2025-07-03,19,6,4066.26
2025-07-02,19,3,4166.36
2025-07-01,19,3,4156.3
2025-06-30,19,5,4010.97
2025-06-29,19,3,4175.34
2025-06-28,19,3,4078.34
2025-06-27,19,2,3932.28
2025-06-26,19,7,3888.21
2025-06-25,19,1,3961.88
2025-06-24,19,0,3871.05
2025-06-23,19,4,4123.58
2025-06-22,19,5,4059.76
2025-06-21,19,4,4154.57
2025-06-20,19,6,4026.28
2025-06-19,19,3,3880.01
2025-06-18,19,4,4018.94
2025-06-17,19,6,3939.96
2025-06-16,19,0,3984.93
2025-06-15,19,1,4131.75
2025-06-14,19,4,4016.65
2025-06-13,19,2,3841.53
2025-06-12,19,3,4060.9
2025-06-11,19,6,3868.41
2025-06-10,19,7,3824.71
2025-06-09,19,4,4111.79
2025-07-08,20,17,1046.74
2025-07-07,20,16,1045.45
2025-07-06,20,17,1026.78
2025-07-05,20,16,1071.16
2025-07-04,20,18,1057.9
2025-07-03,20,19,1006.65
2025-07-02,20,20,1042.14
2025-07-01,20,16,1066.2
2025-06-30,20,19,997.87
2025-06-29,20,16,1047.3
2025-06-28,20,15,993.14
2025-06-27,20,17,1070.03
2025-06-26,20,19,995.26
2025-06-25,20,16,1078.48
2025-06-24,20,17,980.37
2025-06-23,20,19,1050.56
2025-06-22,20,16,1018.39
2025-06-21,20,15,1028.35
2025-06-20,20,14,1035.83
2025-06-19,20,17,1024.01
2025-06-18,20,13,1010.66
2025-06-17,20,12,994.97
2025-06-16,20,17,1031.99
2025-06-15,20,15,991.79
2025-06-14,20,21,983.77
2025-06-13,20,17,988.55
2025-06-12,20,17,994.95
2025-06-11,20,13,1000.14
2025-06-10,20,15,1049.92
2025-06-09,20,20,1050.55
2025-07-08,21,18,1952.53
2025-07-07,21,12,2030.19
2025-07-06,21,12,1973.05
2025-07-05,21,14,1966.89
2025-07-04,21,13,1911.71
2025-07-03,21,11,2079.72
2025-07-02,21,11,2063.41
2025-07-01,21,11,1931.99
2025-06-30,21,13,1961.22
2025-06-29,21,10,2016.8
2025-06-28,21,9,1892.83
2025-06-27,21,16,1990.61
2025-06-26,21,12,2002.95
2025-06-25,21,15,1913.05
2025-06-24,21,12,2048.26
2025-06-23,21,10,2057.29
2025-06-22,21,16,1903.67
2025-06-21,21,13,1992.8
2025-06-20,21,11,1958.7
2025-06-19,21,11,1923.01
2025-06-18,21,15,1975.57
2025-06-17,21,11,2028.06
2025-06-16,21,11,1929.81
2025-06-15,21,12,1949.77
2025-06-14,21,8,1936.84
2025-06-13,21,15,1923.7
2025-06-12,21,11,2047.73
2025-06-11,21,14,1913.65
2025-06-10,21,12,2087.64
2025-06-09,21,13,1972.49
2025-07-08,22,15,1770.39
2025-07-07,22,13,1798.39
2025-07-06,22,12,1894.67
2025-07-05,22,13,1850.71
2025-07-04,22,12,1827.18
2025-07-03,22,10,1909.09
2025-07-02,22,13,1906.78
2025-07-01,22,15,1897.09
2025-06-30,22,16,1737.56
2025-06-29,22,13,1738.9
2025-06-28,22,12,1825.44
2025-06-27,22,10,1850.81
2025-06-26,22,16,1738.81
2025-06-25,22,11,1865.39
2025-06-24,22,11,1839.09
2025-06-23,22,19,1810.06
2025-06-22,22,13,1779.45
2025-06-21,22,9,1796.05
2025-06-20,22,13,1810.09
2025-06-19,22,12,1807.29
2025-06-18,22,15,1779.05
2025-06-17,22,11,1828.61
2025-06-16,22,14,1752.13
2025-06-15,22,16,1778.18
2025-06-14,22,13,1769.83
2025-06-13,22,10,1834.81
2025-06-12,22,13,1850.4
2025-06-11,22,14,1790.93
2025-06-10,22,9,1796.84
2025-06-09,22,11,1832.51
2025-07-08,23,5,3769.05
2025-07-07,23,6,3555.21
2025-07-06,23,8,3712.64
2025-07-05,23,6,3462.08
2025-07-04,23,2,3667.82
2025-07-03,23,3,3571.1
2025-07-02,23,3,3668.23
2025-07-01,23,6,3732.5
2025-06-30,23,2,3693.96
2025-06-29,23,9,3621.51
2025-06-28,23,1,3627.79
2025-06-27,23,4,3445.84
2025-06-26,23,7,3423.25
2025-06-25,23,3,3572.18
2025-06-24,23,3,3646.23
2025-06-23,23,3,3475.33
2025-06-22,23,7,3544.23
2025-06-21,23,9,3434.14
2025-06-20,23,4,3682.42
2025-06-19,23,7,3438.41
2025-06-18,23,4,3565.92
2025-06-17,23,6,3706.72
2025-06-16,23,4,3577.05
2025-06-15,23,7,3479.83
2025-06-14,23,3,3601.49
2025-06-13,23,7,3663.76
2025-06-12,23,8,3531.21
2025-06-11,23,7,3468.83
2025-06-10,23,6,3578.62
2025-06-09,23,6,3650.17
2025-07-08,24,10,2958.77
2025-07-07,24,7,2707.25
2025-07-06,24,9,2965.27
2025-07-05,24,10,2792.13
2025-07-04,24,7,2929.59
2025-07-03,24,12,2774.9
2025-07-02,24,10,2884.11
2025-07-01,24,10,2783.55
2025-06-30,24,7,2739.32
2025-06-29,24,9,2949.79
2025-06-28,24,10,2904.06
2025-06-27,24,10,2899.74
2025-06-26,24,8,2761.97
2025-06-25,24,5,2772.08
2025-06-24,24,11,2699.88
2025-06-23,24,9,2958.61
2025-06-22,24,9,2772.42
2025-06-21,24,7,2795.22
2025-06-20,24,10,2697.06
2025-06-19,24,4,2834.26
2025-06-18,24,7,2919.45
2025-06-17,24,12,2741.27
2025-06-16,24,13,2775.62
2025-06-15,24,8,2794.44
2025-06-14,24,7,2828.78
2025-06-13,24,12,2772.6
2025-06-12,24,7,2927.27
2025-06-11,24,7,2879.54
2025-06-10,24,10,2947.58
2025-06-09,24,8,2863.8
2025-07-08,25,8,2505.47
2025-07-07,25,6,2604.01
2025-07-06,25,8,2704.36
2025-07-05,25,11,2518.74
2025-07-04,25,7,2691.24
2025-07-03,25,11,2739.46
2025-07-02,25,8,2585.27
2025-07-01,25,8,2503.49
2025-06-30,25,8,2562.2
2025-06-29,25,8,2503.1
2025-06-28,25,10,2652.79
2025-06-27,25,10,2697.28
2025-06-26,25,8,2648.11
2025-06-25,25,6,2536.0
2025-06-24,25,12,2671.39
2025-06-23,25,6,2634.74
2025-06-22,25,7,2642.13
2025-06-21,25,12,2657.71
2025-06-20,25,7,2668.43
2025-06-19,25,9,2582.37
2025-06-18,25,12,2719.94
2025-06-17,25,9,2625.29
2025-06-16,25,11,2628.2
2025-06-15,25,6,2740.55
2025-06-14,25,9,2517.18
2025-06-13,25,12,2492.54
2025-06-12,25,9,2586.96
2025-06-11,25,10,2686.88
2025-06-10,25,9,2535.53
2025-06-09,25,13,2504.67
