data/sales.csv
date,product_id,units_sold,price_sold
2025-07-08,26,11,1393.39
2025-07-07,26,15,1438.95
2025-07-06,26,12,1373.12
2025-07-05,26,17,1430.77
2025-07-04,26,16,1438.87
2025-07-03,26,14,1387.49
2025-07-02,26,15,1448.51
2025-07-01,26,14,1453.8
2025-06-30,26,10,1457.67
2025-06-29,26,15,1477.08
2025-06-28,26,16,1416.01
2025-06-27,26,17,1428.88
2025-06-26,26,12,1475.63
2025-06-25,26,14,1395.69
2025-06-24,26,15,1471.83
2025-06-23,26,17,1362.11
2025-06-22,26,17,1475.64
2025-06-21,26,14,1392.62
2025-06-20,26,13,1356.54
2025-06-19,26,15,1426.81
2025-06-18,26,13,1482.61
2025-06-17,26,13,1413.67
2025-06-16,26,14,1486.27
2025-06-15,26,14,1481.78
2025-06-14,26,15,1465.34
2025-06-13,26,14,1435.91
2025-06-12,26,16,1464.76
2025-06-11,26,15,1376.92
2025-06-10,26,16,1399.56
2025-06-09,26,14,1467.94
2025-07-08,27,8,2326.03
2025-07-07,27,10,2146.27
2025-07-06,27,8,2354.25
2025-07-05,27,10,2340.7
2025-07-04,27,9,2220.69
2025-07-03,27,11,2187.39
2025-07-02,27,13,2364.47
2025-07-01,27,11,2217.34
2025-06-30,27,7,2338.97
2025-06-29,27,14,2323.85
2025-06-28,27,9,2290.95
2025-06-27,27,10,2171.58
2025-06-26,27,10,2303.54
2025-06-25,27,11,2287.3
2025-06-24,27,7,2329.32
2025-06-23,27,10,2146.55
2025-06-22,27,11,2352.7
2025-06-21,27,11,2362.42
2025-06-20,27,12,2261.08
2025-06-19,27,12,2153.37
2025-06-18,27,8,2329.95
2025-06-17,27,11,2148.37
2025-06-16,27,13,2252.53
2025-06-15,27,9,2243.07
2025-06-14,27,10,2321.35
2025-06-13,27,13,2326.85
2025-06-12,27,12,2248.37
2025-06-11,27,10,2194.22
2025-06-10,27,13,2254.72
2025-06-09,27,10,2250.78
2025-07-08,28,15,846.6
2025-07-07,28,16,844.88
2025-07-06,28,18,857.47
2025-07-05,28,18,827.13
2025-07-04,28,17,846.53
2025-07-03,28,17,831.92
2025-07-02,28,16,866.81
2025-07-01,28,17,870.19
2025-06-30,28,20,835.63
2025-06-29,28,18,827.35
2025-06-28,28,15,867.36
2025-06-27,28,19,842.72
2025-06-26,28,15,803.31
2025-06-25,28,18,807.34
2025-06-24,28,16,867.58
2025-06-23,28,17,852.01
2025-06-22,28,18,824.24
2025-06-21,28,16,856.45
2025-06-20,28,23,808.02
2025-06-19,28,15,848.57
2025-06-18,28,15,806.11
2025-06-17,28,18,804.48
2025-06-16,28,15,803.94
2025-06-15,28,19,816.39
2025-06-14,28,17,855.13
2025-06-13,28,19,883.46
2025-06-12,28,18,817.79
2025-06-11,28,18,806.96
2025-06-10,28,16,834.24
2025-06-09,28,18,835.46
2025-07-08,29,17,1155.95
2025-07-07,29,16,1231.37
2025-07-06,29,14,1213.16
2025-07-05,29,19,1168.84
2025-07-04,29,17,1243.72
2025-07-03,29,16,1242.69
2025-07-02,29,17,1207.04
2025-07-01,29,21,1154.94
2025-06-30,29,18,1222.45
2025-06-29,29,15,1195.54
2025-06-28,29,17,1192.58
2025-06-27,29,16,1173.13
2025-06-26,29,14,1196.71
2025-06-25,29,16,1148.11
2025-06-24,29,16,1193.16
2025-06-23,29,16,1244.68
2025-06-22,29,18,1172.82
2025-06-21,29,16,1221.55
2025-06-20,29,18,1204.86
2025-06-19,29,16,1244.33
2025-06-18,29,15,1197.34
2025-06-17,29,17,1160.52
2025-06-16,29,17,1195.97
2025-06-15,29,16,1143.77
2025-06-14,29,19,1239.09
2025-06-13,29,13,1257.22
2025-06-12,29,14,1235.58
2025-06-11,29,17,1223.37
2025-06-10,29,12,1162.93
2025-06-09,29,16,1246.79
2025-07-08,30,14,1944.53
2025-07-07,30,10,1822.17
2025-07-06,30,12,1933.62
2025-07-05,30,13,1972.62
2025-07-04,30,14,1931.18
2025-07-03,30,13,1841.22
2025-07-02,30,13,1882.78
2025-07-01,30,12,1951.34
2025-06-30,30,12,1823.63
2025-06-29,30,15,1873.97
2025-06-28,30,13,1968.97
2025-06-27,30,11,1816.28
2025-06-26,30,13,1860.87
2025-06-25,30,13,1823.45
2025-06-24,30,12,1973.72
2025-06-23,30,14,1846.11
2025-06-22,30,14,1924.32
2025-06-21,30,10,1848.28
2025-06-20,30,9,1879.85
2025-06-19,30,13,1815.21
2025-06-18,30,12,1866.2
2025-06-17,30,13,1832.79
2025-06-16,30,12,1808.23
2025-06-15,30,10,1921.13
2025-06-14,30,14,1893.08
2025-06-13,30,14,1957.76
2025-06-12,30,14,1986.97
2025-06-11,30,12,1929.56
2025-06-10,30,10,1979.97
2025-06-09,30,14,1969.24
2025-07-08,31,5,3497.37
2025-07-07,31,12,3252.35
2025-07-06,31,6,3411.91
2025-07-05,31,9,3351.23
2025-07-04,31,5,3470.47
2025-07-03,31,7,3530.52
2025-07-02,31,8,3346.1
2025-07-01,31,2,3294.28
2025-06-30,31,10,3435.03
2025-06-29,31,5,3403.03
2025-06-28,31,2,3546.86
2025-06-27,31,5,3489.66
2025-06-26,31,4,3370.21
2025-06-25,31,9,3438.72
2025-06-24,31,6,3393.53
2025-06-23,31,5,3528.6
2025-06-22,31,3,3571.88
2025-06-21,31,2,3339.36
2025-06-20,31,6,3316.57
2025-06-19,31,11,3268.12
2025-06-18,31,5,3510.16
2025-06-17,31,8,3494.73
2025-06-16,31,6,3422.98
2025-06-15,31,6,3380.6
2025-06-14,31,6,3414.77
2025-06-13,31,7,3271.19
2025-06-12,31,7,3251.73
2025-06-11,31,5,3265.54
2025-06-10,31,6,3494.19
2025-06-09,31,6,3264.98
2025-07-08,32,7,2891.49
2025-07-07,32,11,3048.33
2025-07-06,32,10,3112.9
2025-07-05,32,7,2901.73
2025-07-04,32,9,3003.82
2025-07-03,32,9,3110.68
2025-07-02,32,9,3085.87
2025-07-01,32,8,2900.66
2025-06-30,32,8,2876.15
2025-06-29,32,10,2908.9
2025-06-28,32,6,3031.72
2025-06-27,32,8,2939.69
2025-06-26,32,4,3083.46
2025-06-25,32,11,2937.06
2025-06-24,32,6,3098.27
2025-06-23,32,8,3078.39
2025-06-22,32,6,2880.39
2025-06-21,32,11,2904.83
2025-06-20,32,7,2885.71
2025-06-19,32,10,2870.36
2025-06-18,32,9,3114.86
2025-06-17,32,7,2959.67
2025-06-16,32,12,2882.33
2025-06-15,32,10,3017.69
2025-06-14,32,8,2881.14
2025-06-13,32,8,2971.77
2025-06-12,32,5,3029.79
2025-06-11,32,5,2872.05
2025-06-10,32,8,2996.56
2025-06-09,32,10,2910.27
2025-07-08,33,0,4409.5
2025-07-07,33,2,4351.2
2025-07-06,33,5,4277.09
2025-07-05,33,5,4139.8
2025-07-04,33,5,4136.37
2025-07-03,33,0,4366.07
2025-07-02,33,5,4381.72
2025-07-01,33,4,4198.64
2025-06-30,33,6,4289.03
2025-06-29,33,1,4345.21
2025-06-28,33,6,4200.18
2025-06-27,33,0,4343.07
2025-06-26,33,2,4433.04
2025-06-25,33,6,4048.68
2025-06-24,33,1,4425.95
2025-06-23,33,4,4164.16
2025-06-22,33,1,4230.66
2025-06-21,33,6,4114.98
2025-06-20,33,3,4117.52
2025-06-19,33,1,4444.76
2025-06-18,33,1,4407.0
2025-06-17,33,2,4309.32
2025-06-16,33,6,4456.03
2025-06-15,33,4,4245.21
2025-06-14,33,3,4227.35
2025-06-13,33,0,4310.59
2025-06-12,33,2,4316.76
2025-06-11,33,2,4253.52
2025-06-10,33,2,4067.03
2025-06-09,33,0,4144.1
2025-07-08,34,16,1491.92
2025-07-07,34,15,1532.38
2025-07-06,34,14,1544.94
2025-07-05,34,16,1582.02
2025-07-04,34,15,1487.3
2025-07-03,34,15,1487.07
2025-07-02,34,14,1500.75
2025-07-01,34,14,1549.47
2025-06-30,34,18,1576.14
2025-06-29,34,13,1536.28
2025-06-28,34,15,1589.39
2025-06-27,34,16,1497.9
2025-06-26,34,15,1537.71
2025-06-25,34,16,1577.16
2025-06-24,34,16,1566.51
2025-06-23,34,14,1554.54
2025-06-22,34,11,1612.19
2025-06-21,34,13,1622.08
2025-06-20,34,14,1564.97
2025-06-19,34,16,1494.04
2025-06-18,34,15,1589.69
2025-06-17,34,13,1628.34
2025-06-16,34,15,1518.91
2025-06-15,34,13,1621.45
2025-06-14,34,11,1502.81
2025-06-13,34,10,1530.42
2025-06-12,34,13,1627.43
2025-06-11,34,12,1536.71
2025-06-10,34,11,1506.48
2025-06-09,34,13,1532.01
2025-07-08,35,8,3408.34
2025-07-07,35,5,3576.55
2025-07-06,35,9,3346.86
2025-07-05,35,2,3541.38
2025-07-04,35,6,3542.58
2025-07-03,35,8,3620.2
2025-07-02,35,3,3489.46
2025-07-01,35,0,3408.62
2025-06-30,35,4,3535.3
2025-06-29,35,7,3456.75
2025-06-28,35,6,3430.42
2025-06-27,35,8,3425.45
2025-06-26,35,6,3573.89
2025-06-25,35,7,3409.0
2025-06-24,35,6,3636.61
2025-06-23,35,5,3594.68
2025-06-22,35,4,3625.29
2025-06-21,35,5,3329.53
2025-06-20,35,4,3603.8
2025-06-19,35,3,3359.32
2025-06-18,35,3,3628.6
2025-06-17,35,6,3619.09
2025-06-16,35,4,3468.27
2025-06-15,35,7,3416.96
2025-06-14,35,5,3540.58
2025-06-13,35,6,3565.06
2025-06-12,35,2,3531.65
2025-06-11,35,5,3568.78
2025-06-10,35,4,3629.48
2025-06-09,35,8,3347.19
2025-07-08,36,1,4308.46
2025-07-07,36,0,4070.84
2025-07-06,36,5,4128.01
2025-07-05,36,3,4184.42
2025-07-04,36,1,4450.2
2025-07-03,36,4,4242.15
2025-07-02,36,0,4333.07
2025-07-01,36,4,4082.41
2025-06-30,36,4,4388.15
2025-06-29,36,5,4301.39
2025-06-28,36,1,4098.1
2025-06-27,36,2,4170.67
2025-06-26,36,0,4189.9
2025-06-25,36,0,4405.59
2025-06-24,36,2,4068.99
2025-06-23,36,2,4065.98
2025-06-22,36,0,4432.17
2025-06-21,36,3,4044.55
2025-06-20,36,5,4167.44
2025-06-19,36,3,4189.71
2025-06-18,36,5,4250.25
2025-06-17,36,4,4381.01
2025-06-16,36,3,4082.62
2025-06-15,36,2,4446.37
2025-06-14,36,4,4081.83
2025-06-13,36,2,4350.91
2025-06-12,36,7,4249.56
2025-06-11,36,4,4193.28
2025-06-10,36,4,4288.59
2025-06-09,36,0,4225.29
2025-07-08,37,15,762.42
2025-07-07,37,16,699.16
2025-07-06,37,14,707.31
2025-07-05,37,18,710.63
2025-07-04,37,20,766.61
2025-07-03,37,18,705.91
2025-07-02,37,14,725.82
2025-07-01,37,18,744.34
2025-06-30,37,20,733.87
2025-06-29,37,17,723.16
2025-06-28,37,15,762.63
2025-06-27,37,17,755.21
2025-06-26,37,16,745.5
2025-06-25,37,17,766.79
2025-06-24,37,17,724.86
2025-06-23,37,18,768.89
2025-06-22,37,15,701.84
2025-06-21,37,15,745.87
2025-06-20,37,20,726.86
2025-06-19,37,18,769.93
2025-06-18,37,15,744.7
2025-06-17,37,15,702.37
2025-06-16,37,16,758.77
2025-06-15,37,14,734.66
2025-06-14,37,18,707.98
2025-06-13,37,17,715.86
2025-06-12,37,18,702.6
2025-06-11,37,18,724.7
2025-06-10,37,20,750.25
2025-06-09,37,18,722.75
2025-07-08,38,7,3126.27
2025-07-07,38,11,2961.0
2025-07-06,38,11,3041.86
2025-07-05,38,9,3030.65
2025-07-04,38,7,3166.47
2025-07-03,38,6,3039.67
2025-07-02,38,7,3022.2
2025-07-01,38,5,3106.98
2025-06-30,38,6,3124.57
2025-06-29,38,9,3207.65
2025-06-28,38,7,2915.74
2025-06-27,38,9,3186.48
2025-06-26,38,6,3189.02
2025-06-25,38,8,3087.81
2025-06-24,38,10,3213.19
2025-06-23,38,8,3195.06
2025-06-22,38,8,3204.28
2025-06-21,38,9,2979.52
2025-06-20,38,10,3004.44
2025-06-19,38,8,2951.59
2025-06-18,38,8,3003.47
2025-06-17,38,5,3102.52
2025-06-16,38,6,3062.5
2025-06-15,38,6,3201.46
2025-06-14,38,10,3050.98
2025-06-13,38,7,3187.18
2025-06-12,38,11,3142.16
2025-06-11,38,6,3124.43
2025-06-10,38,8,3080.02
2025-06-09,38,8,3139.6
2025-07-08,39,3,4766.13
2025-07-07,39,2,4485.42
2025-07-06,39,1,4832.73
2025-07-05,39,1,4627.35
2025-07-04,39,0,4560.97
2025-07-03,39,0,4505.89
2025-07-02,39,2,4518.32
2025-07-01,39,0,4483.37
2025-06-30,39,0,4779.06
2025-06-29,39,1,4707.31
2025-06-28,39,0,4712.73
2025-06-27,39,1,4588.01
2025-06-26,39,0,4460.04
2025-06-25,39,0,4738.43
2025-06-24,39,0,4672.43
2025-06-23,39,0,4452.28
2025-06-22,39,0,4620.25
2025-06-21,39,1,4423.76
2025-06-20,39,0,4474.63
2025-06-19,39,0,4590.25
2025-06-18,39,0,4785.46
2025-06-17,39,2,4578.09
2025-06-16,39,1,4769.83
2025-06-15,39,0,4479.09
2025-06-14,39,3,4462.32
2025-06-13,39,0,4706.86
2025-06-12,39,2,4638.17
2025-06-11,39,0,4501.18
2025-06-10,39,0,4669.48
2025-06-09,39,0,4566.96
2025-07-08,40,6,3525.81
2025-07-07,40,2,3603.71
2025-07-06,40,1,3628.07
2025-07-05,40,11,3567.32
2025-07-04,40,7,3394.14
2025-07-03,40,5,3556.92
2025-07-02,40,4,3587.35
2025-07-01,40,5,3702.59
2025-06-30,40,8,3403.62
2025-06-29,40,4,3466.3
2025-06-28,40,9,3376.9
2025-06-27,40,10,3488.36
2025-06-26,40,6,3365.33
2025-06-25,40,10,3357.03
2025-06-24,40,4,3475.26
2025-06-23,40,6,3425.97
2025-06-22,40,6,3517.75
2025-06-21,40,4,3657.97
2025-06-20,40,6,3555.69
2025-06-19,40,7,3353.08
2025-06-18,40,6,3585.26
2025-06-17,40,3,3638.91
2025-06-16,40,5,3393.66
2025-06-15,40,7,3450.03
2025-06-14,40,6,3643.78
2025-06-13,40,7,3605.4
2025-06-12,40,4,3412.42
2025-06-11,40,5,3573.23
2025-06-10,40,7,3359.02
2025-06-09,40,7,3397.58
2025-07-08,41,4,3722.44
2025-07-07,41,5,3773.5
2025-07-06,41,7,3675.58
2025-07-05,41,9,3535.03
2025-07-04,41,3,3556.88
2025-07-03,41,4,3628.2
2025-07-02,41,0,3758.38
2025-07-01,41,4,3549.76
2025-06-30,41,3,3650.19
2025-06-29,41,4,3783.2
2025-06-28,41,7,3680.44
2025-06-27,41,6,3763.29
2025-06-26,41,6,3541.68
2025-06-25,41,4,3744.8
2025-06-24,41,5,3666.66
2025-06-23,41,2,3613.49
2025-06-22,41,6,3774.13
2025-06-21,41,3,3872.39
2025-06-20,41,7,3785.84
2025-06-19,41,2,3777.3
2025-06-18,41,6,3807.53
2025-06-17,41,4,3670.22
2025-06-16,41,8,3541.84
2025-06-15,41,3,3678.71
2025-06-14,41,4,3760.82
2025-06-13,41,8,3538.74
2025-06-12,41,2,3852.31
2025-06-11,41,8,3573.38
2025-06-10,41,5,3796.76
2025-06-09,41,4,3656.67
2025-07-08,42,10,2377.95
2025-07-07,42,13,2502.65
2025-07-06,42,10,2586.26
2025-07-05,42,11,2579.57
2025-07-04,42,12,2530.63
2025-07-03,42,12,2463.92
2025-07-02,42,8,2564.93
2025-07-01,42,10,2381.29
2025-06-30,42,10,2405.85
2025-06-29,42,11,2558.42
2025-06-28,42,8,2501.18
2025-06-27,42,8,2516.18
2025-06-26,42,10,2421.16
2025-06-25,42,6,2588.25
2025-06-24,42,9,2466.15
2025-06-23,42,10,2376.24
2025-06-22,42,12,2494.28
2025-06-21,42,10,2361.0
2025-06-20,42,11,2567.28
2025-06-19,42,14,2472.44
2025-06-18,42,10,2383.84
2025-06-17,42,10,2410.03
2025-06-16,42,10,2416.2
2025-06-15,42,11,2389.49
2025-06-14,42,9,2446.55
2025-06-13,42,8,2387.41
2025-06-12,42,10,2589.43
2025-06-11,42,6,2576.81
2025-06-10,42,9,2484.7
2025-06-09,42,12,2366.91
2025-07-08,43,2,3712.49
2025-07-07,43,3,3863.68
2025-07-06,43,5,3757.54
2025-07-05,43,4,3975.72
2025-07-04,43,6,3725.71
2025-07-03,43,5,3704.78
2025-07-02,43,3,3902.43
2025-07-01,43,5,3818.38
2025-06-30,43,4,3933.26
2025-06-29,43,7,3809.03
2025-06-28,43,8,3842.26
2025-06-27,43,1,4076.53
2025-06-26,43,0,4070.45
2025-06-25,43,3,3855.67
2025-06-24,43,6,3981.76
2025-06-23,43,1,3765.49
2025-06-22,43,5,4052.5
2025-06-21,43,3,3923.8
2025-06-20,43,6,3894.98
2025-06-19,43,4,3862.07
2025-06-18,43,5,3974.86
2025-06-17,43,7,3817.06
2025-06-16,43,4,3864.51
2025-06-15,43,1,3871.46
2025-06-14,43,6,4067.54
2025-06-13,43,5,4020.81
2025-06-12,43,4,3902.15
2025-06-11,43,3,3916.07
2025-06-10,43,2,4077.6
2025-06-09,43,5,3751.55
2025-07-08,44,15,1887.62
2025-07-07,44,10,1934.63
2025-07-06,44,14,1840.4
2025-07-05,44,10,1906.13
2025-07-04,44,8,1940.83
2025-07-03,44,11,1882.22
2025-07-02,44,13,1856.06
2025-07-01,44,12,1803.45
2025-06-30,44,14,1871.15
2025-06-29,44,15,1888.39
2025-06-28,44,12,1818.21
2025-06-27,44,15,1811.57
2025-06-26,44,16,1901.1
2025-06-25,44,13,1918.53
2025-06-24,44,15,1793.28
2025-06-23,44,11,1942.26
2025-06-22,44,14,1802.19
2025-06-21,44,12,1901.7
2025-06-20,44,16,1826.9
2025-06-19,44,13,1929.12
2025-06-18,44,15,1839.29
2025-06-17,44,16,1922.98
2025-06-16,44,11,1900.64
2025-06-15,44,13,1851.38
2025-06-14,44,13,1925.67
2025-06-13,44,10,1868.12
2025-06-12,44,11,1839.45
2025-06-11,44,10,1950.72
2025-06-10,44,12,1895.75
2025-06-09,44,15,1839.45
2025-07-08,45,18,256.03
2025-07-07,45,19,234.05
2025-07-06,45,19,244.99
2025-07-05,45,20,244.13
2025-07-04,45,21,241.54
2025-07-03,45,22,248.46
2025-07-02,45,22,243.05
2025-07-01,45,16,246.23
2025-06-30,45,19,249.35
2025-06-29,45,22,241.21
2025-06-28,45,20,245.65
2025-06-27,45,19,252.93
2025-06-26,45,18,246.41
2025-06-25,45,18,257.73
2025-06-24,45,19,239.05
2025-06-23,45,17,241.73
2025-06-22,45,21,233.87
2025-06-21,45,18,233.98
2025-06-20,45,19,234.33
2025-06-19,45,17,241.46
2025-06-18,45,19,255.18
2025-06-17,45,19,242.62
2025-06-16,45,17,247.74
2025-06-15,45,19,235.84
2025-06-14,45,18,236.47
2025-06-13,45,19,248.36
2025-06-12,45,13,253.47
2025-06-11,45,21,249.55
2025-06-10,45,21,254.39
2025-06-09,45,24,247.36
2025-07-08,46,10,1803.95
2025-07-07,46,17,1688.26
2025-07-06,46,14,1728.88
2025-07-05,46,13,1833.86
2025-07-04,46,14,1779.38
2025-07-03,46,11,1822.35
2025-07-02,46,9,1764.91
2025-07-01,46,15,1780.79
2025-06-30,46,14,1743.15
2025-06-29,46,10,1836.1
2025-06-28,46,12,1840.62
2025-06-27,46,13,1734.38
2025-06-26,46,15,1733.15
2025-06-25,46,13,1802.69
2025-06-24,46,18,1671.98
2025-06-23,46,12,1693.86
2025-06-22,46,11,1743.38
2025-06-21,46,15,1678.13
2025-06-20,46,10,1779.6
2025-06-19,46,12,1688.11
2025-06-18,46,16,1820.41
2025-06-17,46,14,1753.55
2025-06-16,46,11,1689.81
2025-06-15,46,14,1771.46
2025-06-14,46,15,1783.47
2025-06-13,46,14,1815.23
2025-06-12,46,13,1803.59
2025-06-11,46,14,1828.3
2025-06-10,46,13,1704.69
2025-06-09,46,14,1712.07
2025-07-08,47,4,3903.19
2025-07-07,47,1,4008.64
2025-07-06,47,3,4065.52
2025-07-05,47,9,3992.28
2025-07-04,47,5,3904.86
2025-07-03,47,3,4124.28
2025-07-02,47,5,4055.29
2025-07-01,47,1,4022.85
2025-06-30,47,5,4148.33
2025-06-29,47,4,4160.93
2025-06-28,47,2,3965.54
2025-06-27,47,0,4195.27
2025-06-26,47,6,4170.11
2025-06-25,47,0,4178.32
2025-06-24,47,4,4134.16
2025-06-23,47,7,3914.29
2025-06-22,47,3,3972.85
2025-06-21,47,4,4047.45
2025-06-20,47,2,4152.4
2025-06-19,47,5,3883.23
2025-06-18,47,4,3965.22
2025-06-17,47,2,4132.74
2025-06-16,47,4,3958.56
2025-06-15,47,2,4176.33
2025-06-14,47,4,3948.19
2025-06-13,47,1,4212.34
2025-06-12,47,8,3864.55
2025-06-11,47,3,4180.42
2025-06-10,47,2,4058.31
2025-06-09,47,5,4158.2
2025-07-08,48,4,3776.57
2025-07-07,48,4,3883.14
2025-07-06,48,4,3763.93
2025-07-05,48,5,3869.52
2025-07-04,48,4,4025.79
2025-07-03,48,4,3754.57
2025-07-02,48,5,3994.26
2025-07-01,48,3,4060.12
2025-06-30,48,0,3943.31
2025-06-29,48,5,3973.49
2025-06-28,48,4,3722.68
2025-06-27,48,4,3892.46
2025-06-26,48,3,3899.75
2025-06-25,48,3,3883.36
2025-06-24,48,8,3739.53
2025-06-23,48,2,3738.01
2025-06-22,48,5,3983.68
2025-06-21,48,4,3926.28
2025-06-20,48,3,4090.17
2025-06-19,48,6,3927.34
2025-06-18,48,3,3928.12
2025-06-17,48,5,3980.87
2025-06-16,48,3,4091.27
2025-06-15,48,4,3814.26
2025-06-14,48,4,3723.18
2025-06-13,48,2,3972.66
2025-06-12,48,9,3748.53
2025-06-11,48,2,4003.02
2025-06-10,48,4,3849.31
2025-06-09,48,3,3719.85
2025-07-08,49,1,4907.17
2025-07-07,49,4,4657.25
2025-07-06,49,0,4530.0
2025-07-05,49,4,4495.52
2025-07-04,49,2,4939.28
2025-07-03,49,6,4583.63
2025-07-02,49,0,4919.32
2025-07-01,49,0,4681.37
2025-06-30,49,0,4556.55
2025-06-29,49,2,4592.21
2025-06-28,49,0,4825.55
2025-06-27,49,0,4568.03
2025-06-26,49,1,4703.84
2025-06-25,49,0,4810.13
2025-06-24,49,3,4830.4
2025-06-23,49,0,4568.79
2025-06-22,49,0,4597.55
2025-06-21,49,0,4599.25
2025-06-20,49,7,4520.58
2025-06-19,49,0,4693.28
2025-06-18,49,1,4558.77
2025-06-17,49,0,4481.68
2025-06-16,49,0,4926.17
2025-06-15,49,3,4681.45
2025-06-14,49,2,4797.54
2025-06-13,49,0,4923.99
2025-06-12,49,2,4666.41
2025-06-11,49,0,4825.88
2025-06-10,49,2,4594.54
2025-06-09,49,2,4645.09
