data/sales.csv
date,product_id,units_sold,price_sold
2025-07-08,50,12,2470.48
2025-07-07,50,14,2273.69
2025-07-06,50,12,2345.24
2025-07-05,50,10,2264.0
2025-07-04,50,9,2358.64
2025-07-03,50,10,2430.23
2025-07-02,50,11,2483.72
2025-07-01,50,8,2361.55
2025-06-30,50,9,2269.14
2025-06-29,50,12,2396.4
2025-06-28,50,9,2477.3
2025-06-27,50,8,2275.37
2025-06-26,50,8,2307.24
2025-06-25,50,10,2408.99
2025-06-24,50,11,2441.97
2025-06-23,50,11,2344.52
2025-06-22,50,10,2344.39
2025-06-21,50,12,2478.29
2025-06-20,50,9,2391.86
2025-06-19,50,8,2449.27
2025-06-18,50,14,2406.85
2025-06-17,50,13,2276.18
2025-06-16,50,12,2429.85
2025-06-15,50,12,2500.01
2025-06-14,50,11,2495.01
2025-06-13,50,12,2452.3
2025-06-12,50,10,2293.6
2025-06-11,50,11,2452.85
2025-06-10,50,11,2326.75
2025-06-09,50,7,2280.23
2025-07-08,51,9,3418.76
2025-07-07,51,7,3276.4
2025-07-06,51,10,3449.65
2025-07-05,51,8,3262.76
2025-07-04,51,8,3311.32
2025-07-03,51,5,3337.79
2025-07-02,51,7,3172.1
2025-07-01,51,8,3426.68
2025-06-30,51,6,3160.13
2025-06-29,51,4,3188.93
2025-06-28,51,7,3190.63
2025-06-27,51,9,3406.78
2025-06-26,51,6,3262.11
2025-06-25,51,8,3363.68
2025-06-24,51,4,3418.54
2025-06-23,51,2,3438.99
2025-06-22,51,7,3294.76
2025-06-21,51,5,3276.43
2025-06-20,51,9,3180.65
2025-06-19,51,7,3481.42
2025-06-18,51,7,3305.03
2025-06-17,51,5,3354.44
2025-06-16,51,5,3246.73
2025-06-15,51,11,3247.5
2025-06-14,51,9,3475.8
2025-06-13,51,6,3197.14
2025-06-12,51,7,3390.99
2025-06-11,51,6,3391.03
2025-06-10,51,6,3421.34
2025-06-09,51,7,3414.27
2025-07-08,52,10,2553.28
2025-07-07,52,14,2543.55
2025-07-06,52,10,2375.52
2025-07-05,52,5,2559.12
2025-07-04,52,10,2574.89
2025-07-03,52,10,2419.31
2025-07-02,52,12,2358.11
2025-07-01,52,12,2335.91
2025-06-30,52,12,2460.44
2025-06-29,52,5,2545.54
2025-06-28,52,10,2551.39
2025-06-27,52,9,2542.05
2025-06-26,52,11,2350.68
2025-06-25,52,9,2355.65
2025-06-24,52,10,2498.04
2025-06-23,52,10,2471.57
2025-06-22,52,14,2403.92
2025-06-21,52,10,2437.86
2025-06-20,52,15,2390.61
2025-06-19,52,9,2537.2
2025-06-18,52,11,2507.43
2025-06-17,52,8,2352.99
2025-06-16,52,14,2451.58
2025-06-15,52,15,2432.83
2025-06-14,52,13,2364.72
2025-06-13,52,9,2357.8
2025-06-12,52,9,2420.65
2025-06-11,52,9,2375.93
2025-06-10,52,9,2350.53
2025-06-09,52,8,2530.47
2025-07-08,53,19,250.36
2025-07-07,53,19,259.05
2025-07-06,53,18,247.15
2025-07-05,53,22,251.08
2025-07-04,53,16,261.84
2025-07-03,53,19,243.1
2025-07-02,53,18,254.64
2025-07-01,53,19,252.86
2025-06-30,53,22,249.87
2025-06-29,53,20,256.19
2025-06-28,53,16,257.63
2025-06-27,53,19,247.66
2025-06-26,53,20,244.01
2025-06-25,53,20,247.33
2025-06-24,53,18,258.07
2025-06-23,53,20,262.75
2025-06-22,53,21,254.82
2025-06-21,53,18,263.48
2025-06-20,53,23,258.51
2025-06-19,53,16,247.98
2025-06-18,53,20,244.94
2025-06-17,53,18,246.0
2025-06-16,53,18,261.57
2025-06-15,53,25,246.56
2025-06-14,53,18,258.83
2025-06-13,53,19,249.18
2025-06-12,53,21,262.37
2025-06-11,53,19,250.86
2025-06-10,53,21,266.07
2025-06-09,53,21,256.58
2025-07-08,54,7,3019.83
2025-07-07,54,8,3068.09
2025-07-06,54,7,2916.88
2025-07-05,54,6,3027.46
2025-07-04,54,4,3114.27
2025-07-03,54,7,2930.27
2025-07-02,54,6,2983.38
2025-07-01,54,8,2968.94
2025-06-30,54,7,3146.02
2025-06-29,54,8,2923.58
2025-06-28,54,5,2993.45
2025-06-27,54,11,3157.64
2025-06-26,54,9,3014.44
2025-06-25,54,9,2894.08
2025-06-24,54,9,2949.21
2025-06-23,54,6,3043.68
2025-06-22,54,5,3021.88
2025-06-21,54,9,2958.67
2025-06-20,54,8,2966.65
2025-06-19,54,4,3187.47
2025-06-18,54,9,3101.93
2025-06-17,54,7,3166.97
2025-06-16,54,5,3171.18
2025-06-15,54,8,2959.03
2025-06-14,54,8,3000.11
2025-06-13,54,11,2916.79
2025-06-12,54,5,2961.59
2025-06-11,54,7,3057.17
2025-06-10,54,10,3140.53
2025-06-09,54,10,2998.05
2025-07-08,55,6,2221.47
2025-07-07,55,7,2247.78
2025-07-06,55,9,2071.32
2025-07-05,55,9,2093.71
2025-07-04,55,11,2096.76
2025-07-03,55,13,2167.54
2025-07-02,55,7,2218.24
2025-07-01,55,11,2209.04
2025-06-30,55,11,2085.42
2025-06-29,55,11,2136.32
2025-06-28,55,12,2161.92
2025-06-27,55,14,2091.8
2025-06-26,55,10,2219.93
2025-06-25,55,10,2098.83
2025-06-24,55,12,2237.06
2025-06-23,55,9,2076.37
2025-06-22,55,12,2080.75
2025-06-21,55,7,2221.32
2025-06-20,55,13,2111.61
2025-06-19,55,11,2084.3
2025-06-18,55,12,2123.5
2025-06-17,55,10,2046.65
2025-06-16,55,14,2057.46
2025-06-15,55,12,2162.43
2025-06-14,55,10,2223.27
2025-06-13,55,12,2119.03
2025-06-12,55,12,2199.0
2025-06-11,55,13,2178.75
2025-06-10,55,11,2184.76
2025-06-09,55,12,2219.5
2025-07-08,56,12,2181.64
2025-07-07,56,13,2276.15
2025-07-06,56,11,2213.54
2025-07-05,56,11,2171.38
2025-07-04,56,10,2196.26
2025-07-03,56,13,2176.71
2025-07-02,56,12,2268.76
2025-07-01,56,9,2180.09
2025-06-30,56,14,2240.18
2025-06-29,56,12,2324.41
2025-06-28,56,9,2253.36
2025-06-27,56,14,2198.07
2025-06-26,56,13,2287.45
2025-06-25,56,10,2187.35
2025-06-24,56,11,2302.06
2025-06-23,56,13,2241.27
2025-06-22,56,9,2334.3
2025-06-21,56,9,2327.18
2025-06-20,56,11,2313.55
2025-06-19,56,13,2295.81
2025-06-18,56,13,2157.07
2025-06-17,56,11,2200.84
2025-06-16,56,11,2268.77
2025-06-15,56,14,2354.02
2025-06-14,56,15,2144.16
2025-06-13,56,11,2225.19
2025-06-12,56,13,2160.32
2025-06-11,56,12,2180.15
2025-06-10,56,13,2158.07
2025-06-09,56,7,2299.07
2025-07-08,57,20,364.59
2025-07-07,57,20,377.42
2025-07-06,57,19,379.13
2025-07-05,57,21,378.94
2025-07-04,57,15,371.28
2025-07-03,57,20,366.4
2025-07-02,57,18,387.19
2025-07-01,57,17,360.51
2025-06-30,57,19,365.11
2025-06-29,57,19,371.13
2025-06-28,57,18,388.93
2025-06-27,57,22,365.23
2025-06-26,57,17,389.28
2025-06-25,57,22,362.42
2025-06-24,57,20,382.68
2025-06-23,57,15,363.17
2025-06-22,57,21,373.09
2025-06-21,57,20,363.22
2025-06-20,57,17,382.15
2025-06-19,57,21,375.97
2025-06-18,57,19,375.5
2025-06-17,57,20,395.15
2025-06-16,57,17,380.76
2025-06-15,57,21,383.22
2025-06-14,57,21,376.23
2025-06-13,57,18,366.36
2025-06-12,57,20,376.25
2025-06-11,57,19,364.62
2025-06-10,57,19,380.07
2025-06-09,57,18,374.41
2025-07-08,58,8,2953.84
2025-07-07,58,8,2972.75
2025-07-06,58,8,3097.03
2025-07-05,58,8,2965.62
2025-07-04,58,5,3061.02
2025-07-03,58,6,3069.09
2025-07-02,58,5,2893.3
2025-07-01,58,8,3021.42
2025-06-30,58,7,3005.94
2025-06-29,58,8,3098.69
2025-06-28,58,11,2947.56
2025-06-27,58,10,2951.56
2025-06-26,58,8,3120.03
2025-06-25,58,7,3039.09
2025-06-24,58,8,3030.7
2025-06-23,58,7,3103.94
2025-06-22,58,10,3136.77
2025-06-21,58,7,2872.07
2025-06-20,58,10,3049.39
2025-06-19,58,8,3098.46
2025-06-18,58,8,3046.5
2025-06-17,58,6,3021.04
2025-06-16,58,5,3112.86
2025-06-15,58,7,2907.91
2025-06-14,58,8,3049.42
2025-06-13,58,8,2873.68
2025-06-12,58,6,3084.84
2025-06-11,58,8,3149.76
2025-06-10,58,6,3001.74
2025-06-09,58,4,3102.61
2025-07-08,59,16,601.13
2025-07-07,59,17,627.67
2025-07-06,59,20,607.67
2025-07-05,59,16,604.84
2025-07-04,59,18,583.1
2025-07-03,59,22,571.9
2025-07-02,59,16,580.87
2025-07-01,59,16,597.26
2025-06-30,59,20,596.21
2025-06-29,59,20,571.08
2025-06-28,59,16,585.56
2025-06-27,59,21,608.69
2025-06-26,59,17,602.35
2025-06-25,59,19,610.37
2025-06-24,59,18,607.94
2025-06-23,59,16,573.42
2025-06-22,59,22,619.26
2025-06-21,59,14,599.55
2025-06-20,59,19,597.97
2025-06-19,59,18,621.99
2025-06-18,59,20,586.23
2025-06-17,59,21,623.07
2025-06-16,59,16,603.55
2025-06-15,59,16,593.07
2025-06-14,59,17,588.7
2025-06-13,59,20,577.22
2025-06-12,59,21,576.35
2025-06-11,59,19,620.55
2025-06-10,59,19,607.35
2025-06-09,59,22,625.8
2025-07-08,60,22,297.4
2025-07-07,60,20,278.86
2025-07-06,60,18,291.05
2025-07-05,60,20,297.09
2025-07-04,60,18,294.77
2025-07-03,60,20,294.54
2025-07-02,60,20,284.71
2025-07-01,60,19,279.02
2025-06-30,60,21,274.31
2025-06-29,60,18,277.8
2025-06-28,60,18,297.25
2025-06-27,60,18,275.46
2025-06-26,60,16,270.87
2025-06-25,60,20,293.17
2025-06-24,60,17,290.15
2025-06-23,60,15,290.39
2025-06-22,60,21,295.31
2025-06-21,60,18,281.01
2025-06-20,60,17,285.6
2025-06-19,60,19,273.78
2025-06-18,60,18,280.96
2025-06-17,60,24,275.35
2025-06-16,60,19,270.26
2025-06-15,60,15,292.0
2025-06-14,60,19,297.42
2025-06-13,60,20,283.91
2025-06-12,60,19,296.39
2025-06-11,60,19,272.57
2025-06-10,60,19,280.69
2025-06-09,60,20,295.45
2025-07-08,61,2,4473.74
2025-07-07,61,1,4423.47
2025-07-06,61,2,4141.1
2025-07-05,61,1,4125.77
2025-07-04,61,6,4466.17
2025-07-03,61,1,4367.54
2025-07-02,61,2,4365.39
2025-07-01,61,0,4377.49
2025-06-30,61,3,4323.13
2025-06-29,61,2,4435.39
2025-06-28,61,4,4300.68
2025-06-27,61,0,4442.86
2025-06-26,61,5,4116.88
2025-06-25,61,0,4461.03
2025-06-24,61,2,4178.06
2025-06-23,61,5,4307.77
2025-06-22,61,4,4233.03
2025-06-21,61,3,4288.8
2025-06-20,61,2,4215.55
2025-06-19,61,0,4240.0
2025-06-18,61,3,4121.75
2025-06-17,61,3,4133.28
2025-06-16,61,4,4474.27
2025-06-15,61,3,4269.23
2025-06-14,61,0,4216.16
2025-06-13,61,5,4422.64
2025-06-12,61,3,4281.78
2025-06-11,61,0,4191.79
2025-06-10,61,4,4243.66
2025-06-09,61,5,4104.34
2025-07-08,62,14,766.43
2025-07-07,62,16,797.38
2025-07-06,62,15,780.79
2025-07-05,62,17,820.86
2025-07-04,62,16,755.96
2025-07-03,62,19,806.62
2025-07-02,62,15,762.96
2025-07-01,62,16,773.75
2025-06-30,62,16,794.27
2025-06-29,62,16,785.18
2025-06-28,62,14,753.79
2025-06-27,62,15,747.44
2025-06-26,62,12,747.17
2025-06-25,62,18,791.13
2025-06-24,62,15,761.79
2025-06-23,62,18,810.32
2025-06-22,62,18,751.07
2025-06-21,62,15,805.88
2025-06-20,62,17,802.84
2025-06-19,62,19,783.53
2025-06-18,62,17,819.21
2025-06-17,62,18,772.0
2025-06-16,62,14,749.13
2025-06-15,62,20,769.65
2025-06-14,62,17,796.27
2025-06-13,62,16,800.13
2025-06-12,62,19,773.73
2025-06-11,62,20,815.5
2025-06-10,62,20,766.28
2025-06-09,62,15,807.32
2025-07-08,63,20,245.6
2025-07-07,63,20,254.24
2025-07-06,63,18,253.97
2025-07-05,63,18,251.06
2025-07-04,63,22,263.33
2025-07-03,63,20,240.46
2025-07-02,63,22,262.62
2025-07-01,63,20,249.98
2025-06-30,63,17,262.46
2025-06-29,63,16,240.87
2025-06-28,63,19,249.6
2025-06-27,63,16,241.25
2025-06-26,63,18,262.87
2025-06-25,63,20,257.1
2025-06-24,63,21,243.84
2025-06-23,63,22,246.33
2025-06-22,63,17,252.93
2025-06-21,63,19,257.53
2025-06-20,63,22,256.07
2025-06-19,63,20,263.46
2025-06-18,63,17,247.72
2025-06-17,63,20,257.52
2025-06-16,63,20,255.6
2025-06-15,63,18,258.78
2025-06-14,63,17,255.07
2025-06-13,63,22,242.82
2025-06-12,63,13,259.74
2025-06-11,63,24,240.1
2025-06-10,63,19,248.76
2025-06-09,63,18,259.96
2025-07-08,64,16,849.23
2025-07-07,64,18,874.77
2025-07-06,64,12,870.01
2025-07-05,64,17,870.22
2025-07-04,64,20,850.08
2025-07-03,64,19,875.94
2025-07-02,64,17,853.26
2025-07-01,64,17,887.66
2025-06-30,64,15,827.52
2025-06-29,64,16,857.35
2025-06-28,64,22,840.66
2025-06-27,64,17,877.48
2025-06-26,64,15,832.35
2025-06-25,64,21,812.36
2025-06-24,64,17,849.6
2025-06-23,64,17,890.55
2025-06-22,64,17,889.8
2025-06-21,64,17,829.32
2025-06-20,64,15,840.17
2025-06-19,64,15,840.17
2025-06-18,64,14,850.74
2025-06-17,64,17,869.2
2025-06-16,64,19,817.26
2025-06-15,64,16,849.38
2025-06-14,64,19,833.35
2025-06-13,64,14,812.55
2025-06-12,64,15,848.18
2025-06-11,64,19,861.97
2025-06-10,64,15,808.74
2025-06-09,64,17,843.72
2025-07-08,65,11,2419.39
2025-07-07,65,11,2477.79
2025-07-06,65,12,2415.64
2025-07-05,65,10,2459.52
2025-07-04,65,9,2464.78
2025-07-03,65,11,2520.92
2025-07-02,65,11,2417.35
2025-07-01,65,12,2605.67
2025-06-30,65,8,2635.9
2025-06-29,65,12,2481.64
2025-06-28,65,10,2658.09
2025-06-27,65,7,2410.07
2025-06-26,65,13,2464.71
2025-06-25,65,10,2500.35
2025-06-24,65,11,2453.95
2025-06-23,65,7,2631.67
2025-06-22,65,10,2460.73
2025-06-21,65,13,2497.81
2025-06-20,65,5,2597.91
2025-06-19,65,13,2440.04
2025-06-18,65,10,2517.97
2025-06-17,65,9,2557.68
2025-06-16,65,9,2553.7
2025-06-15,65,4,2472.42
2025-06-14,65,10,2438.08
2025-06-13,65,10,2497.93
2025-06-12,65,9,2620.84
2025-06-11,65,12,2471.11
2025-06-10,65,9,2462.53
2025-06-09,65,12,2464.8
2025-07-08,66,14,1347.96
2025-07-07,66,13,1426.47
2025-07-06,66,12,1438.7
2025-07-05,66,15,1341.19
2025-07-04,66,14,1340.6
2025-07-03,66,19,1416.05
2025-07-02,66,15,1398.06
2025-07-01,66,12,1375.36
2025-06-30,66,13,1419.9
2025-06-29,66,13,1321.46
2025-06-28,66,16,1393.6
2025-06-27,66,13,1317.47
2025-06-26,66,16,1432.22
2025-06-25,66,16,1389.31
2025-06-24,66,14,1367.78
2025-06-23,66,14,1382.53
2025-06-22,66,13,1417.06
2025-06-21,66,13,1322.64
2025-06-20,66,12,1444.17
2025-06-19,66,12,1381.76
2025-06-18,66,17,1385.07
2025-06-17,66,12,1346.21
2025-06-16,66,17,1436.57
2025-06-15,66,16,1448.63
2025-06-14,66,15,1397.52
2025-06-13,66,15,1380.48
2025-06-12,66,17,1360.93
2025-06-11,66,14,1341.78
2025-06-10,66,16,1325.88
2025-06-09,66,13,1325.25
2025-07-08,67,2,4609.3
2025-07-07,67,0,5013.41
2025-07-06,67,0,4784.58
2025-07-05,67,6,4557.52
2025-07-04,67,0,4912.61
2025-07-03,67,0,4579.06
2025-07-02,67,0,4931.54
2025-07-01,67,1,4661.76
2025-06-30,67,0,4754.98
2025-06-29,67,0,4971.54
2025-06-28,67,0,4836.66
2025-06-27,67,1,4599.49
2025-06-26,67,0,4742.02
2025-06-25,67,2,4668.54
2025-06-24,67,2,4932.8
2025-06-23,67,0,4894.48
2025-06-22,67,2,4555.55
2025-06-21,67,4,4556.62
2025-06-20,67,1,4659.95
2025-06-19,67,3,4740.0
2025-06-18,67,1,4606.18
2025-06-17,67,0,4895.56
2025-06-16,67,1,4850.06
2025-06-15,67,2,4813.03
2025-06-14,67,0,4955.68
2025-06-13,67,2,4930.04
2025-06-12,67,0,4775.14
2025-06-11,67,3,4935.21
2025-06-10,67,2,4766.79
2025-06-09,67,3,4935.55
2025-07-08,68,15,1338.56
2025-07-07,68,12,1411.98
2025-07-06,68,15,1366.77
2025-07-05,68,13,1314.33
2025-07-04,68,14,1438.45
2025-07-03,68,14,1413.8
2025-07-02,68,16,1334.43
2025-07-01,68,16,1392.85
2025-06-30,68,15,1313.91
2025-06-29,68,16,1386.81
2025-06-28,68,12,1310.72
2025-06-27,68,10,1360.85
2025-06-26,68,12,1403.21
2025-06-25,68,14,1396.87
2025-06-24,68,16,1342.67
2025-06-23,68,12,1420.47
2025-06-22,68,19,1319.49
2025-06-21,68,13,1331.88
2025-06-20,68,12,1438.48
2025-06-19,68,11,1384.39
2025-06-18,68,14,1387.1
2025-06-17,68,16,1352.31
2025-06-16,68,17,1323.34
2025-06-15,68,15,1385.42
2025-06-14,68,17,1368.41
2025-06-13,68,14,1387.11
2025-06-12,68,15,1414.39
2025-06-11,68,15,1403.35
2025-06-10,68,16,1431.04
2025-06-09,68,12,1317.62
2025-07-08,69,12,1573.63
2025-07-07,69,17,1522.37
2025-07-06,69,12,1552.05
2025-07-05,69,17,1589.62
2025-07-04,69,13,1606.37
2025-07-03,69,20,1571.55
2025-07-02,69,16,1564.17
2025-07-01,69,14,1571.65
2025-06-30,69,14,1609.88
2025-06-29,69,15,1607.69
2025-06-28,69,11,1543.22
2025-06-27,69,14,1551.79
2025-06-26,69,13,1596.01
2025-06-25,69,18,1591.46
2025-06-24,69,14,1576.76
2025-06-23,69,14,1525.56
2025-06-22,69,11,1496.34
2025-06-21,69,15,1568.89
2025-06-20,69,14,1528.1
2025-06-19,69,19,1494.63
2025-06-18,69,17,1533.87
2025-06-17,69,13,1618.4
2025-06-16,69,16,1517.56
2025-06-15,69,12,1580.73
2025-06-14,69,16,1481.56
2025-06-13,69,17,1606.81
2025-06-12,69,13,1544.91
2025-06-11,69,16,1501.75
2025-06-10,69,13,1601.84
2025-06-09,69,14,1521.84
2025-07-08,70,21,363.1
2025-07-07,70,18,364.04
2025-07-06,70,17,350.64
2025-07-05,70,14,352.9
2025-07-04,70,17,364.17
2025-07-03,70,19,362.78
2025-07-02,70,18,369.2
2025-07-01,70,21,359.04
2025-06-30,70,17,351.84
2025-06-29,70,18,338.48
2025-06-28,70,19,371.47
2025-06-27,70,19,353.73
2025-06-26,70,17,369.27
2025-06-25,70,18,346.07
2025-06-24,70,19,359.84
2025-06-23,70,21,348.9
2025-06-22,70,20,370.56
2025-06-21,70,18,369.05
2025-06-20,70,18,355.21
2025-06-19,70,16,357.5
2025-06-18,70,18,344.2
2025-06-17,70,13,349.73
2025-06-16,70,21,347.93
2025-06-15,70,19,353.51
2025-06-14,70,20,345.94
2025-06-13,70,16,359.62
2025-06-12,70,18,345.73
2025-06-11,70,19,352.59
2025-06-10,70,19,365.04
2025-06-09,70,22,345.19
2025-07-08,71,7,3877.05
2025-07-07,71,5,3773.07
2025-07-06,71,3,3740.44
2025-07-05,71,2,3890.01
2025-07-04,71,4,4006.02
2025-07-03,71,2,3822.31
2025-07-02,71,6,3871.41
2025-07-01,71,2,3758.74
2025-06-30,71,5,3869.02
2025-06-29,71,2,3961.53
2025-06-28,71,4,4089.87
2025-06-27,71,7,4111.11
2025-06-26,71,6,4049.5
2025-06-25,71,0,4009.73
2025-06-24,71,3,3860.05
2025-06-23,71,3,3910.92
2025-06-22,71,3,4054.23
2025-06-21,71,3,3849.35
2025-06-20,71,0,3796.17
2025-06-19,71,7,3815.1
2025-06-18,71,1,4054.83
2025-06-17,71,6,4089.91
2025-06-16,71,4,3804.86
2025-06-15,71,3,3887.54
2025-06-14,71,5,3898.08
2025-06-13,71,3,3896.54
2025-06-12,71,1,4105.52
2025-06-11,71,1,4112.32
2025-06-10,71,3,4064.75
2025-06-09,71,1,4099.3
2025-07-08,72,11,2869.23
2025-07-07,72,10,2952.33
2025-07-06,72,7,2809.68
2025-07-05,72,9,2768.06
2025-07-04,72,8,2780.22
2025-07-03,72,9,2910.53
2025-07-02,72,7,2794.62
2025-07-01,72,8,2926.88
2025-06-30,72,9,2876.2
2025-06-29,72,8,2953.74
2025-06-28,72,12,2964.77
2025-06-27,72,9,2805.21
2025-06-26,72,5,2905.03
2025-06-25,72,4,2901.69
2025-06-24,72,7,2914.65
2025-06-23,72,10,2772.21
2025-06-22,72,10,2815.41
2025-06-21,72,6,2784.82
2025-06-20,72,7,2830.61
2025-06-19,72,7,2877.27
2025-06-18,72,12,2847.0
2025-06-17,72,9,2948.15
2025-06-16,72,12,2780.6
2025-06-15,72,9,2992.44
2025-06-14,72,6,2771.08
2025-06-13,72,7,2926.48
2025-06-12,72,7,2847.76
2025-06-11,72,8,2827.39
2025-06-10,72,12,2782.64
2025-06-09,72,7,2877.06
2025-07-08,73,9,2520.33
2025-07-07,73,9,2580.71
2025-07-06,73,10,2528.07
2025-07-05,73,9,2723.08
2025-07-04,73,14,2555.42
2025-07-03,73,12,2515.57
2025-07-02,73,13,2712.78
2025-07-01,73,9,2631.21
2025-06-30,73,9,2742.8
2025-06-29,73,10,2654.01
2025-06-28,73,9,2530.94
2025-06-27,73,9,2700.0
2025-06-26,73,13,2517.22
2025-06-25,73,8,2742.65
2025-06-24,73,7,2554.08
2025-06-23,73,9,2746.64
2025-06-22,73,10,2509.83
2025-06-21,73,10,2673.3
2025-06-20,73,9,2526.86
2025-06-19,73,11,2565.23
2025-06-18,73,10,2564.05
2025-06-17,73,12,2586.44
2025-06-16,73,9,2658.65
2025-06-15,73,7,2748.4
2025-06-14,73,9,2523.37
2025-06-13,73,7,2580.7
2025-06-12,73,10,2577.3
2025-06-11,73,11,2746.71
2025-06-10,73,8,2718.75
2025-06-09,73,9,2744.62
