data/sales.csv
date,product_id,units_sold,price_sold
2025-07-08,74,13,2323.8
2025-07-07,74,13,2281.65
2025-07-06,74,12,2441.97
2025-07-05,74,12,2344.0
2025-07-04,74,12,2418.21
2025-07-03,74,10,2453.5
2025-07-02,74,9,2301.97
2025-07-01,74,11,2299.39
2025-06-30,74,9,2341.46
2025-06-29,74,11,2478.0
2025-06-28,74,11,2469.58
2025-06-27,74,13,2513.2
2025-06-26,74,11,2319.19
2025-06-25,74,7,2284.31
2025-06-24,74,11,2437.86
2025-06-23,74,8,2418.03
2025-06-22,74,10,2388.91
2025-06-21,74,12,2476.81
2025-06-20,74,12,2371.96
2025-06-19,74,14,2470.07
2025-06-18,74,14,2356.02
2025-06-17,74,10,2366.19
2025-06-16,74,10,2391.46
2025-06-15,74,8,2493.89
2025-06-14,74,13,2361.19
2025-06-13,74,10,2509.29
2025-06-12,74,10,2409.58
2025-06-11,74,9,2490.46
2025-06-10,74,10,2329.86
2025-06-09,74,8,2485.81
2025-07-08,75,15,2223.95
2025-07-07,75,10,2425.49
2025-07-06,75,9,2398.41
2025-07-05,75,10,2364.57
2025-07-04,75,10,2235.78
2025-07-03,75,7,2387.57
2025-07-02,75,15,2359.87
2025-07-01,75,9,2381.42
2025-06-30,75,8,2384.8
2025-06-29,75,12,2419.34
2025-06-28,75,11,2278.73
2025-06-27,75,11,2243.72
2025-06-26,75,12,2396.42
2025-06-25,75,9,2284.62
2025-06-24,75,12,2404.41
2025-06-23,75,8,2328.58
2025-06-22,75,8,2267.25
2025-06-21,75,12,2306.99
2025-06-20,75,15,2368.22
2025-06-19,75,10,2385.78
2025-06-18,75,11,2353.39
2025-06-17,75,11,2399.52
2025-06-16,75,10,2248.94
2025-06-15,75,6,2439.77
2025-06-14,75,11,2341.83
2025-06-13,75,10,2412.95
2025-06-12,75,9,2343.05
2025-06-11,75,11,2296.08
2025-06-10,75,10,2399.19
2025-06-09,75,7,2325.66
2025-07-08,76,14,2053.68
2025-07-07,76,10,2255.12
2025-07-06,76,11,2166.01
2025-07-05,76,12,2083.8
2025-07-04,76,13,2078.05
2025-07-03,76,10,2130.17
2025-07-02,76,9,2086.36
2025-07-01,76,14,2114.09
2025-06-30,76,12,2172.1
2025-06-29,76,17,2142.99
2025-06-28,76,9,2261.8
2025-06-27,76,12,2107.41
2025-06-26,76,12,2059.25
2025-06-25,76,11,2156.08
2025-06-24,76,13,2090.61
2025-06-23,76,13,2169.36
2025-06-22,76,13,2174.75
2025-06-21,76,10,2127.89
2025-06-20,76,10,2063.36
2025-06-19,76,17,2078.84
2025-06-18,76,11,2248.79
2025-06-17,76,12,2210.14
2025-06-16,76,10,2216.06
2025-06-15,76,10,2163.63
2025-06-14,76,11,2175.79
2025-06-13,76,13,2214.62
2025-06-12,76,7,2258.46
2025-06-11,76,11,2117.32
2025-06-10,76,13,2231.72
2025-06-09,76,10,2170.49
2025-07-08,77,12,2355.85
2025-07-07,77,14,2459.03
2025-07-06,77,10,2373.43
2025-07-05,77,10,2403.82
2025-07-04,77,11,2444.47
2025-07-03,77,7,2467.74
2025-07-02,77,10,2408.74
2025-07-01,77,12,2317.64
2025-06-30,77,11,2344.51
2025-06-29,77,14,2309.93
2025-06-28,77,11,2349.1
2025-06-27,77,13,2239.48
2025-06-26,77,8,2297.78
2025-06-25,77,11,2453.5
2025-06-24,77,9,2256.15
2025-06-23,77,9,2322.92
2025-06-22,77,12,2319.87
2025-06-21,77,10,2393.3
2025-06-20,77,11,2426.82
2025-06-19,77,14,2296.84
2025-06-18,77,8,2316.53
2025-06-17,77,10,2424.79
2025-06-16,77,10,2335.47
2025-06-15,77,12,2397.18
2025-06-14,77,10,2279.25
2025-06-13,77,9,2269.2
2025-06-12,77,9,2324.14
2025-06-11,77,9,2419.57
2025-06-10,77,12,2365.85
2025-06-09,77,13,2306.95
2025-07-08,78,1,4153.21
2025-07-07,78,5,4270.87
2025-07-06,78,6,4133.12
2025-07-05,78,3,4173.64
2025-07-04,78,4,4314.83
2025-07-03,78,6,4389.7
2025-07-02,78,4,4119.44
2025-07-01,78,5,4157.85
2025-06-30,78,3,4228.39
2025-06-29,78,1,4336.76
2025-06-28,78,5,4239.48
2025-06-27,78,1,4300.71
2025-06-26,78,4,4385.05
2025-06-25,78,2,4254.22
2025-06-24,78,5,4263.96
2025-06-23,78,3,4323.43
2025-06-22,78,3,4283.28
2025-06-21,78,1,4504.47
2025-06-20,78,3,4488.15
2025-06-19,78,0,4298.88
2025-06-18,78,2,4078.45
2025-06-17,78,5,4100.36
2025-06-16,78,3,4093.13
2025-06-15,78,1,4100.53
2025-06-14,78,2,4102.82
2025-06-13,78,7,4300.73
2025-06-12,78,1,4274.87
2025-06-11,78,0,4412.31
2025-06-10,78,0,4459.69
2025-06-09,78,2,4324.04
2025-07-08,79,6,3847.08
2025-07-07,79,7,3696.94
2025-07-06,79,8,3693.38
2025-07-05,79,5,3673.48
2025-07-04,79,2,3619.09
2025-07-03,79,1,3769.97
2025-07-02,79,8,3595.17
2025-07-01,79,6,3651.98
2025-06-30,79,4,3629.32
2025-06-29,79,8,3923.18
2025-06-28,79,6,3694.13
2025-06-27,79,7,3717.66
2025-06-26,79,4,3872.77
2025-06-25,79,3,3833.58
2025-06-24,79,5,3598.01
2025-06-23,79,3,3656.19
2025-06-22,79,7,3718.68
2025-06-21,79,6,3645.22
2025-06-20,79,10,3643.42
2025-06-19,79,5,3695.04
2025-06-18,79,5,3931.66
2025-06-17,79,4,3737.96
2025-06-16,79,5,3754.55
2025-06-15,79,2,3604.86
2025-06-14,79,5,3808.14
2025-06-13,79,9,3589.07
2025-06-12,79,5,3872.97
2025-06-11,79,1,3730.59
2025-06-10,79,2,3759.88
2025-06-09,79,2,3963.45
2025-07-08,80,5,3613.11
2025-07-07,80,2,3843.62
2025-07-06,80,2,3775.53
2025-07-05,80,5,3628.49
2025-07-04,80,3,3658.93
2025-07-03,80,3,3783.62
2025-07-02,80,8,3766.51
2025-07-01,80,3,3848.11
2025-06-30,80,4,3655.64
2025-06-29,80,2,3798.23
2025-06-28,80,3,3706.46
2025-06-27,80,1,3926.78
2025-06-26,80,3,3752.33
2025-06-25,80,4,3621.71
2025-06-24,80,6,3770.5
2025-06-23,80,4,3630.1
2025-06-22,80,4,3684.58
2025-06-21,80,7,3778.17
2025-06-20,80,3,3779.64
2025-06-19,80,5,3668.63
2025-06-18,80,7,3624.46
2025-06-17,80,8,3842.34
2025-06-16,80,5,3594.06
2025-06-15,80,3,3679.88
2025-06-14,80,3,3868.78
2025-06-13,80,4,3727.52
2025-06-12,80,4,3569.48
2025-06-11,80,3,3699.27
2025-06-10,80,5,3863.33
2025-06-09,80,3,3621.44
2025-07-08,81,16,874.87
2025-07-07,81,15,914.92
2025-07-06,81,17,876.21
2025-07-05,81,16,902.58
2025-07-04,81,15,908.86
2025-07-03,81,18,925.66
2025-07-02,81,20,865.17
2025-07-01,81,18,868.11
2025-06-30,81,19,920.17
2025-06-29,81,15,897.15
2025-06-28,81,22,890.0
2025-06-27,81,18,919.85
2025-06-26,81,19,877.38
2025-06-25,81,18,850.82
2025-06-24,81,14,848.02
2025-06-23,81,17,917.96
2025-06-22,81,17,863.14
2025-06-21,81,16,921.55
2025-06-20,81,15,880.24
2025-06-19,81,17,909.86
2025-06-18,81,17,855.25
2025-06-17,81,15,876.29
2025-06-16,81,16,892.41
2025-06-15,81,15,888.2
2025-06-14,81,19,873.6
2025-06-13,81,18,909.64
2025-06-12,81,15,881.79
2025-06-11,81,16,891.31
2025-06-10,81,17,930.55
2025-06-09,81,19,859.14
2025-07-08,82,2,4620.76
2025-07-07,82,1,4570.53
2025-07-06,82,2,4428.49
2025-07-05,82,1,4431.19
2025-07-04,82,2,4420.74
2025-07-03,82,0,4607.83
2025-07-02,82,0,4546.53
2025-07-01,82,4,4494.31
2025-06-30,82,7,4372.8
2025-06-29,82,3,4553.62
2025-06-28,82,0,4714.26
2025-06-27,82,3,4528.9
2025-06-26,82,3,4530.59
2025-06-25,82,0,4721.59
2025-06-24,82,3,4728.97
2025-06-23,82,0,4761.72
2025-06-22,82,0,4539.87
2025-06-21,82,0,4602.3
2025-06-20,82,1,4498.76
2025-06-19,82,0,4748.78
2025-06-18,82,0,4743.02
2025-06-17,82,2,4661.41
2025-06-16,82,2,4697.89
2025-06-15,82,0,4461.35
2025-06-14,82,0,4445.31
2025-06-13,82,0,4588.22
2025-06-12,82,3,4576.99
2025-06-11,82,4,4559.03
2025-06-10,82,0,4359.77
2025-06-09,82,0,4732.54
2025-07-08,83,8,3603.81
2025-07-07,83,5,3472.58
2025-07-06,83,5,3353.9
2025-07-05,83,6,3570.64
2025-07-04,83,0,3557.01
2025-07-03,83,6,3574.43
2025-07-02,83,6,3663.38
2025-07-01,83,7,3390.2
2025-06-30,83,5,3618.8
2025-06-29,83,6,3354.76
2025-06-28,83,7,3660.92
2025-06-27,83,5,3457.37
2025-06-26,83,7,3640.05
2025-06-25,83,4,3602.72
2025-06-24,83,7,3628.57
2025-06-23,83,5,3517.89
2025-06-22,83,4,3612.08
2025-06-21,83,2,3461.98
2025-06-20,83,5,3375.17
2025-06-19,83,4,3379.27
2025-06-18,83,6,3468.74
2025-06-17,83,4,3508.96
2025-06-16,83,7,3365.05
2025-06-15,83,2,3658.88
2025-06-14,83,8,3327.64
2025-06-13,83,7,3391.97
2025-06-12,83,5,3389.95
2025-06-11,83,4,3552.64
2025-06-10,83,3,3513.66
2025-06-09,83,6,3658.95
2025-07-08,84,6,4630.3
2025-07-07,84,3,4570.99
2025-07-06,84,0,4591.72
2025-07-05,84,1,4704.13
2025-07-04,84,0,4796.92
2025-07-03,84,0,4947.41
2025-07-02,84,0,4707.52
2025-07-01,84,0,4883.53
2025-06-30,84,0,4851.78
2025-06-29,84,0,4825.35
2025-06-28,84,0,4878.73
2025-06-27,84,1,4623.83
2025-06-26,84,2,4924.91
2025-06-25,84,2,4652.8
2025-06-24,84,0,4988.82
2025-06-23,84,0,4894.51
2025-06-22,84,0,4899.59
2025-06-21,84,0,4783.53
2025-06-20,84,3,4543.19
2025-06-19,84,0,4812.74
2025-06-18,84,0,4681.15
2025-06-17,84,0,4871.16
2025-06-16,84,2,4688.08
2025-06-15,84,0,4789.38
2025-06-14,84,3,4791.38
2025-06-13,84,0,4909.82
2025-06-12,84,1,4930.95
2025-06-11,84,0,4959.0
2025-06-10,84,1,4725.46
2025-06-09,84,0,4671.37
2025-07-08,85,2,3791.19
2025-07-07,85,6,3810.91
2025-07-06,85,3,3828.13
2025-07-05,85,2,4018.43
2025-07-04,85,6,4080.31
2025-07-03,85,5,3825.41
2025-07-02,85,6,3923.62
2025-07-01,85,2,4008.87
2025-06-30,85,4,3969.21
2025-06-29,85,6,4130.05
2025-06-28,85,6,3981.06
2025-06-27,85,8,3851.86
2025-06-26,85,3,3862.71
2025-06-25,85,4,3876.84
2025-06-24,85,2,4080.6
2025-06-23,85,4,3899.59
2025-06-22,85,2,4079.9
2025-06-21,85,5,4090.55
2025-06-20,85,6,3972.7
2025-06-19,85,5,3971.97
2025-06-18,85,7,3902.53
2025-06-17,85,2,3945.12
2025-06-16,85,1,4125.17
2025-06-15,85,5,4143.02
2025-06-14,85,1,4047.51
2025-06-13,85,5,3918.66
2025-06-12,85,2,3893.72
2025-06-11,85,7,4040.34
2025-06-10,85,9,3886.44
2025-06-09,85,5,3798.99
2025-07-08,86,19,994.77
2025-07-07,86,19,969.71
2025-07-06,86,15,1050.07
2025-07-05,86,14,1050.03
2025-07-04,86,14,1016.64
2025-07-03,86,16,1009.22
2025-07-02,86,18,1059.62
2025-07-01,86,16,1057.32
2025-06-30,86,15,1008.45
2025-06-29,86,17,1010.63
2025-06-28,86,16,1049.7
2025-06-27,86,16,1007.35
2025-06-26,86,17,994.38
2025-06-25,86,13,1013.59
2025-06-24,86,18,1017.75
2025-06-23,86,14,1044.86
2025-06-22,86,12,990.13
2025-06-21,86,17,1015.68
2025-06-20,86,17,1017.78
2025-06-19,86,11,1050.05
2025-06-18,86,18,970.67
2025-06-17,86,11,1050.19
2025-06-16,86,14,1030.28
2025-06-15,86,14,1031.81
2025-06-14,86,18,995.1
2025-06-13,86,15,1027.1
2025-06-12,86,18,1051.0
2025-06-11,86,18,962.46
2025-06-10,86,18,960.36
2025-06-09,86,18,976.14
2025-07-08,87,18,903.97
2025-07-07,87,16,847.24
2025-07-06,87,12,846.89
2025-07-05,87,14,840.95
2025-07-04,87,17,863.41
2025-07-03,87,17,861.66
2025-07-02,87,18,851.15
2025-07-01,87,20,910.41
2025-06-30,87,16,854.45
2025-06-29,87,17,895.85
2025-06-28,87,17,845.32
2025-06-27,87,18,844.91
2025-06-26,87,19,869.47
2025-06-25,87,19,871.35
2025-06-24,87,19,845.75
2025-06-23,87,18,910.16
2025-06-22,87,17,922.24
2025-06-21,87,18,908.71
2025-06-20,87,17,870.34
2025-06-19,87,19,857.15
2025-06-18,87,17,842.95
2025-06-17,87,15,886.21
2025-06-16,87,18,907.45
2025-06-15,87,17,893.49
2025-06-14,87,18,850.95
2025-06-13,87,14,879.41
2025-06-12,87,17,850.99
2025-06-11,87,23,894.44
2025-06-10,87,15,907.07
2025-06-09,87,19,877.8
2025-07-08,88,22,337.36
2025-07-07,88,19,363.33
2025-07-06,88,20,368.98
2025-07-05,88,23,365.82
2025-07-04,88,20,357.58
2025-07-03,88,21,352.52
2025-07-02,88,18,354.76
2025-07-01,88,23,360.73
2025-06-30,88,23,348.89
2025-06-29,88,19,347.14
2025-06-28,88,21,352.37
2025-06-27,88,19,337.06
2025-06-26,88,21,354.18
2025-06-25,88,18,362.18
2025-06-24,88,17,362.79
2025-06-23,88,17,342.16
2025-06-22,88,23,335.55
2025-06-21,88,18,343.31
2025-06-20,88,22,337.19
2025-06-19,88,19,355.41
2025-06-18,88,18,362.64
2025-06-17,88,21,350.12
2025-06-16,88,21,336.65
2025-06-15,88,18,336.66
2025-06-14,88,17,364.62
2025-06-13,88,19,356.46
2025-06-12,88,16,337.28
2025-06-11,88,20,347.05
2025-06-10,88,22,336.26
2025-06-09,88,17,350.36
2025-07-08,89,4,4116.82
2025-07-07,89,4,4348.88
2025-07-06,89,4,4095.69
2025-07-05,89,0,4396.26
2025-07-04,89,3,4410.38
2025-07-03,89,0,4201.02
2025-07-02,89,1,4164.77
2025-07-01,89,0,4393.85
2025-06-30,89,1,4325.33
2025-06-29,89,2,4249.28
2025-06-28,89,6,4314.94
2025-06-27,89,1,4203.77
2025-06-26,89,0,4451.51
2025-06-25,89,1,4179.1
2025-06-24,89,2,4413.55
2025-06-23,89,2,4140.93
2025-06-22,89,0,4250.6
2025-06-21,89,1,4416.77
2025-06-20,89,2,4289.06
2025-06-19,89,5,4393.16
2025-06-18,89,7,4193.35
2025-06-17,89,5,4100.55
2025-06-16,89,1,4212.95
2025-06-15,89,1,4301.97
2025-06-14,89,0,4458.17
2025-06-13,89,3,4200.81
2025-06-12,89,4,4131.46
2025-06-11,89,2,4082.67
2025-06-10,89,0,4369.63
2025-06-09,89,1,4469.48
2025-07-08,90,8,3468.96
2025-07-07,90,3,3811.16
2025-07-06,90,4,3781.34
2025-07-05,90,4,3604.11
2025-07-04,90,6,3770.94
2025-07-03,90,6,3608.27
2025-07-02,90,4,3595.1
2025-07-01,90,6,3589.0
2025-06-30,90,5,3652.56
2025-06-29,90,1,3537.14
2025-06-28,90,4,3729.24
2025-06-27,90,4,3516.96
2025-06-26,90,5,3525.08
2025-06-25,90,2,3650.06
2025-06-24,90,5,3513.05
2025-06-23,90,7,3561.63
2025-06-22,90,4,3705.06
2025-06-21,90,7,3712.38
2025-06-20,90,7,3573.7
2025-06-19,90,4,3798.68
2025-06-18,90,4,3651.24
2025-06-17,90,2,3771.7
2025-06-16,90,2,3824.18
2025-06-15,90,6,3772.62
2025-06-14,90,7,3504.14
2025-06-13,90,5,3642.85
2025-06-12,90,5,3664.35
2025-06-11,90,1,3484.83
2025-06-10,90,4,3676.07
2025-06-09,90,4,3641.4
2025-07-08,91,17,940.94
2025-07-07,91,15,1027.63
2025-07-06,91,15,1011.07
2025-07-05,91,18,988.85
2025-07-04,91,18,999.35
2025-07-03,91,18,1026.0
2025-07-02,91,15,937.8
2025-07-01,91,15,1021.95
2025-06-30,91,15,1010.03
2025-06-29,91,15,990.86
2025-06-28,91,15,998.87
2025-06-27,91,17,992.0
2025-06-26,91,15,1008.05
2025-06-25,91,18,1023.23
2025-06-24,91,19,933.2
2025-06-23,91,17,931.06
2025-06-22,91,20,1026.17
2025-06-21,91,20,989.24
2025-06-20,91,16,945.06
2025-06-19,91,15,987.07
2025-06-18,91,16,1015.42
2025-06-17,91,17,984.96
2025-06-16,91,19,993.99
2025-06-15,91,16,933.97
2025-06-14,91,20,1010.66
2025-06-13,91,20,986.45
2025-06-12,91,19,957.43
2025-06-11,91,17,934.68
2025-06-10,91,19,946.17
2025-06-09,91,19,980.31
2025-07-08,92,3,3566.14
2025-07-07,92,9,3353.27
2025-07-06,92,4,3558.01
2025-07-05,92,3,3467.3
2025-07-04,92,8,3587.43
2025-07-03,92,4,3437.83
2025-07-02,92,5,3604.09
2025-07-01,92,3,3475.23
2025-06-30,92,5,3599.17
2025-06-29,92,4,3504.8
2025-06-28,92,4,3449.56
2025-06-27,92,9,3375.47
2025-06-26,92,9,3332.87
2025-06-25,92,1,3500.1
2025-06-24,92,4,3522.16
2025-06-23,92,6,3543.55
2025-06-22,92,7,3348.0
2025-06-21,92,7,3525.37
2025-06-20,92,3,3532.48
2025-06-19,92,5,3393.56
2025-06-18,92,8,3670.05
2025-06-17,92,4,3534.08
2025-06-16,92,5,3476.09
2025-06-15,92,9,3400.18
2025-06-14,92,8,3597.48
2025-06-13,92,5,3529.17
2025-06-12,92,8,3670.14
2025-06-11,92,9,3502.05
2025-06-10,92,4,3520.03
2025-06-09,92,3,3630.12
2025-07-08,93,15,1699.44
2025-07-07,93,9,1720.39
2025-07-06,93,17,1745.88
2025-07-05,93,10,1682.71
2025-07-04,93,13,1616.85
2025-07-03,93,10,1719.78
2025-07-02,93,16,1629.42
2025-07-01,93,15,1663.86
2025-06-30,93,12,1624.01
2025-06-29,93,16,1591.22
2025-06-28,93,11,1724.96
2025-06-27,93,11,1726.08
2025-06-26,93,13,1730.75
2025-06-25,93,15,1622.75
2025-06-24,93,11,1642.66
2025-06-23,93,13,1715.89
2025-06-22,93,14,1660.22
2025-06-21,93,15,1662.13
2025-06-20,93,16,1603.8
2025-06-19,93,15,1631.62
2025-06-18,93,14,1671.19
2025-06-17,93,10,1712.71
2025-06-16,93,12,1735.86
2025-06-15,93,13,1612.69
2025-06-14,93,15,1708.03
2025-06-13,93,13,1672.72
2025-06-12,93,13,1634.67
2025-06-11,93,12,1631.0
2025-06-10,93,17,1654.99
2025-06-09,93,14,1747.44
2025-07-08,94,0,4632.98
2025-07-07,94,3,4951.34
2025-07-06,94,4,4653.31
2025-07-05,94,0,4971.37
2025-07-04,94,0,4873.86
2025-07-03,94,1,4555.07
2025-07-02,94,0,4829.79
2025-07-01,94,1,4634.62
2025-06-30,94,0,4677.22
2025-06-29,94,0,4792.28
2025-06-28,94,0,4975.65
2025-06-27,94,3,4840.85
2025-06-26,94,2,4631.9
2025-06-25,94,1,4918.78
2025-06-24,94,3,4526.94
2025-06-23,94,0,4687.21
2025-06-22,94,0,4966.63
2025-06-21,94,0,4627.76
2025-06-20,94,2,4558.25
2025-06-19,94,0,4799.87
2025-06-18,94,0,4992.16
2025-06-17,94,2,4828.64
2025-06-16,94,0,4879.9
2025-06-15,94,0,4815.21
2025-06-14,94,2,4656.24
2025-06-13,94,0,4637.06
2025-06-12,94,1,4574.17
2025-06-11,94,2,4610.47
2025-06-10,94,0,4522.89
2025-06-09,94,1,4782.05
2025-07-08,95,16,1356.89
2025-07-07,95,14,1327.31
2025-07-06,95,13,1418.22
2025-07-05,95,16,1417.4
2025-07-04,95,16,1334.15
2025-07-03,95,11,1335.39
2025-07-02,95,12,1385.55
2025-07-01,95,15,1328.73
2025-06-30,95,12,1416.46
2025-06-29,95,15,1382.75
2025-06-28,95,14,1313.17
2025-06-27,95,16,1347.84
2025-06-26,95,15,1409.29
2025-06-25,95,14,1430.55
2025-06-24,95,17,1417.51
2025-06-23,95,17,1324.9
2025-06-22,95,14,1403.34
2025-06-21,95,16,1407.56
2025-06-20,95,17,1377.8
2025-06-19,95,13,1370.85
2025-06-18,95,15,1430.37
2025-06-17,95,17,1321.4
2025-06-16,95,13,1366.33
2025-06-15,95,14,1387.19
2025-06-14,95,15,1400.4
2025-06-13,95,15,1438.29
2025-06-12,95,15,1312.49
2025-06-11,95,13,1375.57
2025-06-10,95,16,1322.79
2025-06-09,95,13,1426.01
2025-07-08,96,15,2009.82
2025-07-07,96,12,1935.91
2025-07-06,96,10,1927.52
2025-07-05,96,12,2000.23
2025-07-04,96,13,1943.45
2025-07-03,96,13,2005.87
2025-07-02,96,10,1974.91
2025-07-01,96,12,1970.32
2025-06-30,96,12,2015.37
2025-06-29,96,12,1922.0
2025-06-28,96,14,1847.68
2025-06-27,96,12,1901.32
2025-06-26,96,15,2032.7
2025-06-25,96,15,1963.47
2025-06-24,96,14,1852.46
2025-06-23,96,13,1852.68
2025-06-22,96,11,1951.84
2025-06-21,96,9,1989.98
2025-06-20,96,13,1997.05
2025-06-19,96,13,1861.95
2025-06-18,96,11,1912.01
2025-06-17,96,11,1960.9
2025-06-16,96,16,1989.07
2025-06-15,96,11,1891.27
2025-06-14,96,13,1851.39
2025-06-13,96,12,1948.42
2025-06-12,96,15,1903.17
2025-06-11,96,11,1970.21
2025-06-10,96,13,1897.47
2025-06-09,96,9,1906.44
2025-07-08,97,14,1137.65
2025-07-07,97,19,1070.31
2025-07-06,97,15,1120.85
2025-07-05,97,20,1111.62
2025-07-04,97,18,1064.72
2025-07-03,97,17,1112.26
2025-07-02,97,17,1175.34
2025-07-01,97,17,1096.02
2025-06-30,97,15,1162.51
2025-06-29,97,14,1073.75
2025-06-28,97,17,1146.64
2025-06-27,97,16,1116.64
2025-06-26,97,20,1069.79
2025-06-25,97,14,1081.96
2025-06-24,97,18,1157.76
2025-06-23,97,15,1096.64
2025-06-22,97,17,1109.16
2025-06-21,97,18,1088.5
2025-06-20,97,17,1095.03
2025-06-19,97,13,1083.24
2025-06-18,97,13,1064.78
2025-06-17,97,18,1108.09
2025-06-16,97,16,1089.57
2025-06-15,97,19,1087.92
2025-06-14,97,17,1128.94
2025-06-13,97,14,1134.73
2025-06-12,97,14,1080.94
2025-06-11,97,15,1136.91
2025-06-10,97,18,1105.5
2025-06-09,97,15,1116.35
