data/sales.csv
date,product_id,units_sold,price_sold
2025-07-08,98,12,2162.02
2025-07-07,98,13,2209.27
2025-07-06,98,11,2215.24
2025-07-05,98,13,2137.95
2025-07-04,98,8,2296.43
2025-07-03,98,8,2236.3
2025-07-02,98,15,2241.54
2025-07-01,98,11,2266.92
2025-06-30,98,12,2180.32
2025-06-29,98,12,2157.09
2025-06-28,98,13,2112.75
2025-06-27,98,13,2095.08
2025-06-26,98,11,2270.45
2025-06-25,98,12,2233.49
2025-06-24,98,15,2218.3
2025-06-23,98,9,2280.49
2025-06-22,98,12,2215.5
2025-06-21,98,12,2091.31
2025-06-20,98,10,2090.28
2025-06-19,98,12,2143.52
2025-06-18,98,10,2260.86
2025-06-17,98,11,2155.94
2025-06-16,98,11,2185.37
2025-06-15,98,10,2129.09
2025-06-14,98,10,2119.99
2025-06-13,98,12,2163.79
2025-06-12,98,8,2247.16
2025-06-11,98,14,2097.46
2025-06-10,98,11,2287.82
2025-06-09,98,11,2196.88
2025-07-08,99,7,3698.08
2025-07-07,99,1,3962.02
2025-07-06,99,3,3706.95
2025-07-05,99,3,3650.42
2025-07-04,99,6,3836.92
2025-07-03,99,7,3660.91
2025-07-02,99,5,3773.82
2025-07-01,99,6,3945.65
2025-06-30,99,4,3970.67
2025-06-29,99,4,3789.81
2025-06-28,99,6,3882.97
2025-06-27,99,3,3653.43
2025-06-26,99,6,3665.53
2025-06-25,99,5,3684.6
2025-06-24,99,7,3925.01
2025-06-23,99,8,3774.91
2025-06-22,99,4,3739.08
2025-06-21,99,4,3875.67
2025-06-20,99,10,3751.18
2025-06-19,99,7,3749.25
2025-06-18,99,3,3725.4
2025-06-17,99,4,3926.99
2025-06-16,99,3,3661.28
2025-06-15,99,5,3736.51
2025-06-14,99,7,3686.79
2025-06-13,99,3,3635.2
2025-06-12,99,4,3802.02
2025-06-11,99,5,3701.29
2025-06-10,99,5,3877.72
2025-06-09,99,5,3619.27
2025-07-08,100,2,4229.75
2025-07-07,100,1,4328.89
2025-07-06,100,3,4167.13
2025-07-05,100,3,4079.94
2025-07-04,100,0,4191.69
2025-07-03,100,5,4164.41
2025-07-02,100,1,4366.06
2025-07-01,100,1,4158.53
2025-06-30,100,1,4345.85
2025-06-29,100,5,4259.44
2025-06-28,100,5,4286.1
2025-06-27,100,2,4366.19
2025-06-26,100,6,4131.81
2025-06-25,100,7,4033.62
2025-06-24,100,6,4379.86
2025-06-23,100,3,4030.75
2025-06-22,100,3,4114.42
2025-06-21,100,0,4354.05
2025-06-20,100,3,4357.0
2025-06-19,100,5,4299.69
2025-06-18,100,2,4063.76
2025-06-17,100,2,4320.1
2025-06-16,100,0,3990.21
2025-06-15,100,2,4364.82
2025-06-14,100,3,4054.64
2025-06-13,100,7,4291.06
2025-06-12,100,0,4355.86
2025-06-11,100,3,4262.57
2025-06-10,100,2,4137.55
2025-06-09,100,2,4160.12
